
==========================================================================
cts final report_tns
--------------------------------------------------------------------------
tns 0.00

==========================================================================
cts final report_wns
--------------------------------------------------------------------------
wns 0.00

==========================================================================
cts final report_worst_slack
--------------------------------------------------------------------------
worst slack 4.30

==========================================================================
cts final report_clock_skew
--------------------------------------------------------------------------
Clock core_clock
   0.94 source latency ofifo_instance/col_num[7].fifo_instance/q30[6]$_DFFE_PP_/CLK ^
  -0.81 target latency pmem_instance/gen_2048x64[1].i_cut/A_CLK ^
   0.00 CRPR
--------------
   0.13 setup skew


==========================================================================
cts final report_checks -path_delay min
--------------------------------------------------------------------------
Startpoint: ofifo_instance/col_num[0].fifo_instance/rd_ptr[4]$_SDFFE_PP0P_
            (rising edge-triggered flip-flop clocked by core_clock)
Endpoint: pmem_instance/gen_2048x64[0].i_cut
          (rising edge-triggered flip-flop clocked by core_clock)
Path Group: core_clock
Path Type: min

Fanout     Cap    Slew   Delay    Time   Description
-----------------------------------------------------------------------------
                          0.00    0.00   clock core_clock (rise edge)
                          0.00    0.00   clock source latency
     1    0.35    0.00    0.00    0.00 ^ clk (in)
                                         clk (net)
                  0.06    0.03    0.03 ^ clkbuf_0_clk/A (sg13g2_buf_8)
     2    0.19    0.10    0.15    0.17 ^ clkbuf_0_clk/X (sg13g2_buf_8)
                                         clknet_0_clk (net)
                  0.10    0.00    0.18 ^ clkbuf_1_0_0_clk/A (sg13g2_buf_16)
     2    0.19    0.06    0.13    0.31 ^ clkbuf_1_0_0_clk/X (sg13g2_buf_16)
                                         clknet_1_0_0_clk (net)
                  0.06    0.00    0.31 ^ clkbuf_2_0_0_clk/A (sg13g2_buf_16)
     4    0.24    0.07    0.12    0.43 ^ clkbuf_2_0_0_clk/X (sg13g2_buf_16)
                                         clknet_2_0_0_clk (net)
                  0.07    0.00    0.44 ^ clkbuf_4_1_0_clk/A (sg13g2_buf_16)
    16    0.48    0.13    0.17    0.61 ^ clkbuf_4_1_0_clk/X (sg13g2_buf_16)
                                         clknet_4_1_0_clk (net)
                  0.13    0.01    0.62 ^ clkbuf_8_27_0_clk/A (sg13g2_buf_16)
     2    0.03    0.03    0.11    0.73 ^ clkbuf_8_27_0_clk/X (sg13g2_buf_16)
                                         clknet_8_27_0_clk (net)
                  0.03    0.00    0.73 ^ clkbuf_9_54__f_clk/A (sg13g2_buf_8)
     4    0.08    0.05    0.09    0.82 ^ clkbuf_9_54__f_clk/X (sg13g2_buf_8)
                                         clknet_9_54__leaf_clk (net)
                  0.05    0.00    0.82 ^ clkbuf_leaf_611_clk/A (sg13g2_buf_16)
     5    0.02    0.02    0.08    0.90 ^ clkbuf_leaf_611_clk/X (sg13g2_buf_16)
                                         clknet_leaf_611_clk (net)
                  0.02    0.00    0.90 ^ ofifo_instance/col_num[0].fifo_instance/rd_ptr[4]$_SDFFE_PP0P_/CLK (sg13g2_dfrbp_1)
     2    0.01    0.03    0.20    1.09 v ofifo_instance/col_num[0].fifo_instance/rd_ptr[4]$_SDFFE_PP0P_/Q (sg13g2_dfrbp_1)
                                         ofifo_instance/col_num[0].fifo_instance/rd_ptr[4] (net)
                  0.03    0.00    1.09 v hold12/A (sg13g2_buf_1)
     2    0.02    0.07    0.10    1.20 v hold12/X (sg13g2_buf_1)
                                         net12 (net)
                  0.07    0.00    1.20 v ofifo_instance/col_num[0].fifo_instance/fifo_mux_2_1b/_02_/A (sg13g2_buf_8)
     7    0.04    0.03    0.10    1.30 v ofifo_instance/col_num[0].fifo_instance/fifo_mux_2_1b/_02_/X (sg13g2_buf_8)
                                         ofifo_instance/col_num[0].fifo_instance/fifo_mux_2_1b/_00_ (net)
                  0.03    0.00    1.30 v ofifo_instance/col_num[0].fifo_instance/fifo_mux_2_1b/_18_/S (sg13g2_mux2_1)
     1    0.00    0.02    0.09    1.38 ^ ofifo_instance/col_num[0].fifo_instance/fifo_mux_2_1b/_18_/X (sg13g2_mux2_1)
                                         ofifo_instance/col_num[0].fifo_instance/out_sub1_1[8] (net)
                  0.02    0.00    1.38 ^ ofifo_instance/col_num[0].fifo_instance/fifo_mux_2_1c/_18_/A1 (sg13g2_mux2_1)
     1    0.01    0.05    0.10    1.48 ^ ofifo_instance/col_num[0].fifo_instance/fifo_mux_2_1c/_18_/X (sg13g2_mux2_1)
                                         ofifo_out[8] (net)
                  0.07    0.00    1.48 ^ pmem_instance/gen_2048x64[0].i_cut/A_DIN[8] (RM_IHPSG13_1P_2048x64_c2_bm_bist)
                                  1.48   data arrival time

                          0.00    0.00   clock core_clock (rise edge)
                          0.00    0.00   clock source latency
     1    0.35    0.00    0.00    0.00 ^ clk (in)
                                         clk (net)
                  0.06    0.03    0.03 ^ clkbuf_0_clk/A (sg13g2_buf_8)
     2    0.19    0.10    0.15    0.17 ^ clkbuf_0_clk/X (sg13g2_buf_8)
                                         clknet_0_clk (net)
                  0.10    0.00    0.18 ^ clkbuf_1_0_0_clk/A (sg13g2_buf_16)
     2    0.19    0.06    0.13    0.31 ^ clkbuf_1_0_0_clk/X (sg13g2_buf_16)
                                         clknet_1_0_0_clk (net)
                  0.06    0.00    0.31 ^ clkbuf_2_0_0_clk/A (sg13g2_buf_16)
     4    0.24    0.07    0.12    0.43 ^ clkbuf_2_0_0_clk/X (sg13g2_buf_16)
                                         clknet_2_0_0_clk (net)
                  0.07    0.00    0.44 ^ clkbuf_4_2_0_clk/A (sg13g2_buf_16)
    16    0.47    0.13    0.17    0.61 ^ clkbuf_4_2_0_clk/X (sg13g2_buf_16)
                                         clknet_4_2_0_clk (net)
                  0.13    0.00    0.61 ^ clkbuf_8_47_0_clk/A (sg13g2_buf_16)
     2    0.03    0.03    0.11    0.72 ^ clkbuf_8_47_0_clk/X (sg13g2_buf_16)
                                         clknet_8_47_0_clk (net)
                  0.03    0.00    0.72 ^ clkbuf_9_95__f_clk/A (sg13g2_buf_8)
     4    0.06    0.04    0.08    0.81 ^ clkbuf_9_95__f_clk/X (sg13g2_buf_8)
                                         clknet_9_95__leaf_clk (net)
                  0.06    0.00    0.81 ^ pmem_instance/gen_2048x64[0].i_cut/A_CLK (RM_IHPSG13_1P_2048x64_c2_bm_bist)
                          0.00    0.81   clock reconvergence pessimism
                          0.60    1.40   library hold time
                                  1.40   data required time
-----------------------------------------------------------------------------
                                  1.40   data required time
                                 -1.48   data arrival time
-----------------------------------------------------------------------------
                                  0.08   slack (MET)



==========================================================================
cts final report_checks -path_delay max
--------------------------------------------------------------------------
Startpoint: pmem_instance/gen_2048x64[0].i_cut
            (rising edge-triggered flip-flop clocked by core_clock)
Endpoint: mac_array_instance/row_num[0].mac_row_instance/col_num[0].mac_tile_instance/c_q[12]$_DFFE_PP_
          (rising edge-triggered flip-flop clocked by core_clock)
Path Group: core_clock
Path Type: max

Fanout     Cap    Slew   Delay    Time   Description
-----------------------------------------------------------------------------
                          0.00    0.00   clock core_clock (rise edge)
                          0.00    0.00   clock source latency
     1    0.35    0.00    0.00    0.00 ^ clk (in)
                                         clk (net)
                  0.06    0.03    0.03 ^ clkbuf_0_clk/A (sg13g2_buf_8)
     2    0.19    0.10    0.15    0.17 ^ clkbuf_0_clk/X (sg13g2_buf_8)
                                         clknet_0_clk (net)
                  0.10    0.00    0.18 ^ clkbuf_1_0_0_clk/A (sg13g2_buf_16)
     2    0.19    0.06    0.13    0.31 ^ clkbuf_1_0_0_clk/X (sg13g2_buf_16)
                                         clknet_1_0_0_clk (net)
                  0.06    0.00    0.31 ^ clkbuf_2_0_0_clk/A (sg13g2_buf_16)
     4    0.24    0.07    0.12    0.43 ^ clkbuf_2_0_0_clk/X (sg13g2_buf_16)
                                         clknet_2_0_0_clk (net)
                  0.07    0.00    0.44 ^ clkbuf_4_2_0_clk/A (sg13g2_buf_16)
    16    0.47    0.13    0.17    0.61 ^ clkbuf_4_2_0_clk/X (sg13g2_buf_16)
                                         clknet_4_2_0_clk (net)
                  0.13    0.00    0.61 ^ clkbuf_8_47_0_clk/A (sg13g2_buf_16)
     2    0.03    0.03    0.11    0.72 ^ clkbuf_8_47_0_clk/X (sg13g2_buf_16)
                                         clknet_8_47_0_clk (net)
                  0.03    0.00    0.72 ^ clkbuf_9_95__f_clk/A (sg13g2_buf_8)
     4    0.06    0.04    0.08    0.81 ^ clkbuf_9_95__f_clk/X (sg13g2_buf_8)
                                         clknet_9_95__leaf_clk (net)
                  0.06    0.00    0.81 ^ pmem_instance/gen_2048x64[0].i_cut/A_CLK (RM_IHPSG13_1P_2048x64_c2_bm_bist)
     2    0.01    0.05    5.43    6.24 ^ pmem_instance/gen_2048x64[0].i_cut/A_DOUT[12] (RM_IHPSG13_1P_2048x64_c2_bm_bist)
                                         pmem_out[12] (net)
                  0.04    0.00    6.24 ^ max_cap187/A (sg13g2_buf_1)
     1    0.00    0.02    0.06    6.30 ^ max_cap187/X (sg13g2_buf_1)
                                         net211 (net)
                  0.02    0.00    6.30 ^ max_cap7623/A (sg13g2_buf_1)
     1    0.00    0.02    0.06    6.35 ^ max_cap7623/X (sg13g2_buf_1)
                                         net7647 (net)
                  0.02    0.00    6.35 ^ max_cap6846/A (sg13g2_buf_1)
     1    0.00    0.01    0.05    6.40 ^ max_cap6846/X (sg13g2_buf_1)
                                         net6870 (net)
                  0.01    0.00    6.40 ^ mac_array_instance/row_num[0].mac_row_instance/col_num[0].mac_tile_instance/_083_/A1 (sg13g2_mux2_1)
     1    0.00    0.03    0.07    6.47 ^ mac_array_instance/row_num[0].mac_row_instance/col_num[0].mac_tile_instance/_083_/X (sg13g2_mux2_1)
                                         mac_array_instance/row_num[0].mac_row_instance/col_num[0].mac_tile_instance/_011_ (net)
                  0.03    0.00    6.47 ^ mac_array_instance/row_num[0].mac_row_instance/col_num[0].mac_tile_instance/c_q[12]$_DFFE_PP_/D (sg13g2_dfrbp_1)
                                  6.47   data arrival time

                         10.00   10.00   clock core_clock (rise edge)
                          0.00   10.00   clock source latency
     1    0.35    0.00    0.00   10.00 ^ clk (in)
                                         clk (net)
                  0.06    0.03   10.03 ^ clkbuf_0_clk/A (sg13g2_buf_8)
     2    0.19    0.10    0.15   10.17 ^ clkbuf_0_clk/X (sg13g2_buf_8)
                                         clknet_0_clk (net)
                  0.10    0.00   10.18 ^ clkbuf_1_0_0_clk/A (sg13g2_buf_16)
     2    0.19    0.06    0.13   10.31 ^ clkbuf_1_0_0_clk/X (sg13g2_buf_16)
                                         clknet_1_0_0_clk (net)
                  0.06    0.00   10.31 ^ clkbuf_2_0_0_clk/A (sg13g2_buf_16)
     4    0.24    0.07    0.12   10.43 ^ clkbuf_2_0_0_clk/X (sg13g2_buf_16)
                                         clknet_2_0_0_clk (net)
                  0.07    0.00   10.44 ^ clkbuf_4_2_0_clk/A (sg13g2_buf_16)
    16    0.47    0.13    0.17   10.61 ^ clkbuf_4_2_0_clk/X (sg13g2_buf_16)
                                         clknet_4_2_0_clk (net)
                  0.13    0.00   10.61 ^ clkbuf_8_47_0_clk/A (sg13g2_buf_16)
     2    0.03    0.03    0.11   10.72 ^ clkbuf_8_47_0_clk/X (sg13g2_buf_16)
                                         clknet_8_47_0_clk (net)
                  0.03    0.00   10.72 ^ clkbuf_9_95__f_clk/A (sg13g2_buf_8)
     4    0.06    0.04    0.08   10.81 ^ clkbuf_9_95__f_clk/X (sg13g2_buf_8)
                                         clknet_9_95__leaf_clk (net)
                  0.04    0.00   10.81 ^ clkbuf_leaf_807_clk/A (sg13g2_buf_16)
     3    0.02    0.02    0.07   10.88 ^ clkbuf_leaf_807_clk/X (sg13g2_buf_16)
                                         clknet_leaf_807_clk (net)
                  0.02    0.00   10.88 ^ mac_array_instance/row_num[0].mac_row_instance/col_num[0].mac_tile_instance/c_q[12]$_DFFE_PP_/CLK (sg13g2_dfrbp_1)
                          0.00   10.88   clock reconvergence pessimism
                         -0.11   10.77   library setup time
                                 10.77   data required time
-----------------------------------------------------------------------------
                                 10.77   data required time
                                 -6.47   data arrival time
-----------------------------------------------------------------------------
                                  4.30   slack (MET)



==========================================================================
cts final report_checks -unconstrained
--------------------------------------------------------------------------
Startpoint: pmem_instance/gen_2048x64[0].i_cut
            (rising edge-triggered flip-flop clocked by core_clock)
Endpoint: mac_array_instance/row_num[0].mac_row_instance/col_num[0].mac_tile_instance/c_q[12]$_DFFE_PP_
          (rising edge-triggered flip-flop clocked by core_clock)
Path Group: core_clock
Path Type: max

Fanout     Cap    Slew   Delay    Time   Description
-----------------------------------------------------------------------------
                          0.00    0.00   clock core_clock (rise edge)
                          0.00    0.00   clock source latency
     1    0.35    0.00    0.00    0.00 ^ clk (in)
                                         clk (net)
                  0.06    0.03    0.03 ^ clkbuf_0_clk/A (sg13g2_buf_8)
     2    0.19    0.10    0.15    0.17 ^ clkbuf_0_clk/X (sg13g2_buf_8)
                                         clknet_0_clk (net)
                  0.10    0.00    0.18 ^ clkbuf_1_0_0_clk/A (sg13g2_buf_16)
     2    0.19    0.06    0.13    0.31 ^ clkbuf_1_0_0_clk/X (sg13g2_buf_16)
                                         clknet_1_0_0_clk (net)
                  0.06    0.00    0.31 ^ clkbuf_2_0_0_clk/A (sg13g2_buf_16)
     4    0.24    0.07    0.12    0.43 ^ clkbuf_2_0_0_clk/X (sg13g2_buf_16)
                                         clknet_2_0_0_clk (net)
                  0.07    0.00    0.44 ^ clkbuf_4_2_0_clk/A (sg13g2_buf_16)
    16    0.47    0.13    0.17    0.61 ^ clkbuf_4_2_0_clk/X (sg13g2_buf_16)
                                         clknet_4_2_0_clk (net)
                  0.13    0.00    0.61 ^ clkbuf_8_47_0_clk/A (sg13g2_buf_16)
     2    0.03    0.03    0.11    0.72 ^ clkbuf_8_47_0_clk/X (sg13g2_buf_16)
                                         clknet_8_47_0_clk (net)
                  0.03    0.00    0.72 ^ clkbuf_9_95__f_clk/A (sg13g2_buf_8)
     4    0.06    0.04    0.08    0.81 ^ clkbuf_9_95__f_clk/X (sg13g2_buf_8)
                                         clknet_9_95__leaf_clk (net)
                  0.06    0.00    0.81 ^ pmem_instance/gen_2048x64[0].i_cut/A_CLK (RM_IHPSG13_1P_2048x64_c2_bm_bist)
     2    0.01    0.05    5.43    6.24 ^ pmem_instance/gen_2048x64[0].i_cut/A_DOUT[12] (RM_IHPSG13_1P_2048x64_c2_bm_bist)
                                         pmem_out[12] (net)
                  0.04    0.00    6.24 ^ max_cap187/A (sg13g2_buf_1)
     1    0.00    0.02    0.06    6.30 ^ max_cap187/X (sg13g2_buf_1)
                                         net211 (net)
                  0.02    0.00    6.30 ^ max_cap7623/A (sg13g2_buf_1)
     1    0.00    0.02    0.06    6.35 ^ max_cap7623/X (sg13g2_buf_1)
                                         net7647 (net)
                  0.02    0.00    6.35 ^ max_cap6846/A (sg13g2_buf_1)
     1    0.00    0.01    0.05    6.40 ^ max_cap6846/X (sg13g2_buf_1)
                                         net6870 (net)
                  0.01    0.00    6.40 ^ mac_array_instance/row_num[0].mac_row_instance/col_num[0].mac_tile_instance/_083_/A1 (sg13g2_mux2_1)
     1    0.00    0.03    0.07    6.47 ^ mac_array_instance/row_num[0].mac_row_instance/col_num[0].mac_tile_instance/_083_/X (sg13g2_mux2_1)
                                         mac_array_instance/row_num[0].mac_row_instance/col_num[0].mac_tile_instance/_011_ (net)
                  0.03    0.00    6.47 ^ mac_array_instance/row_num[0].mac_row_instance/col_num[0].mac_tile_instance/c_q[12]$_DFFE_PP_/D (sg13g2_dfrbp_1)
                                  6.47   data arrival time

                         10.00   10.00   clock core_clock (rise edge)
                          0.00   10.00   clock source latency
     1    0.35    0.00    0.00   10.00 ^ clk (in)
                                         clk (net)
                  0.06    0.03   10.03 ^ clkbuf_0_clk/A (sg13g2_buf_8)
     2    0.19    0.10    0.15   10.17 ^ clkbuf_0_clk/X (sg13g2_buf_8)
                                         clknet_0_clk (net)
                  0.10    0.00   10.18 ^ clkbuf_1_0_0_clk/A (sg13g2_buf_16)
     2    0.19    0.06    0.13   10.31 ^ clkbuf_1_0_0_clk/X (sg13g2_buf_16)
                                         clknet_1_0_0_clk (net)
                  0.06    0.00   10.31 ^ clkbuf_2_0_0_clk/A (sg13g2_buf_16)
     4    0.24    0.07    0.12   10.43 ^ clkbuf_2_0_0_clk/X (sg13g2_buf_16)
                                         clknet_2_0_0_clk (net)
                  0.07    0.00   10.44 ^ clkbuf_4_2_0_clk/A (sg13g2_buf_16)
    16    0.47    0.13    0.17   10.61 ^ clkbuf_4_2_0_clk/X (sg13g2_buf_16)
                                         clknet_4_2_0_clk (net)
                  0.13    0.00   10.61 ^ clkbuf_8_47_0_clk/A (sg13g2_buf_16)
     2    0.03    0.03    0.11   10.72 ^ clkbuf_8_47_0_clk/X (sg13g2_buf_16)
                                         clknet_8_47_0_clk (net)
                  0.03    0.00   10.72 ^ clkbuf_9_95__f_clk/A (sg13g2_buf_8)
     4    0.06    0.04    0.08   10.81 ^ clkbuf_9_95__f_clk/X (sg13g2_buf_8)
                                         clknet_9_95__leaf_clk (net)
                  0.04    0.00   10.81 ^ clkbuf_leaf_807_clk/A (sg13g2_buf_16)
     3    0.02    0.02    0.07   10.88 ^ clkbuf_leaf_807_clk/X (sg13g2_buf_16)
                                         clknet_leaf_807_clk (net)
                  0.02    0.00   10.88 ^ mac_array_instance/row_num[0].mac_row_instance/col_num[0].mac_tile_instance/c_q[12]$_DFFE_PP_/CLK (sg13g2_dfrbp_1)
                          0.00   10.88   clock reconvergence pessimism
                         -0.11   10.77   library setup time
                                 10.77   data required time
-----------------------------------------------------------------------------
                                 10.77   data required time
                                 -6.47   data arrival time
-----------------------------------------------------------------------------
                                  4.30   slack (MET)



==========================================================================
cts final report_check_types -max_slew -max_cap -max_fanout -violators
--------------------------------------------------------------------------
max fanout

Pin                                   Limit Fanout  Slack
---------------------------------------------------------
clkbuf_4_0_0_clk/X                        8     16     -8 (VIOLATED)
clkbuf_4_10_0_clk/X                       8     16     -8 (VIOLATED)
clkbuf_4_11_0_clk/X                       8     16     -8 (VIOLATED)
clkbuf_4_12_0_clk/X                       8     16     -8 (VIOLATED)
clkbuf_4_13_0_clk/X                       8     16     -8 (VIOLATED)
clkbuf_4_14_0_clk/X                       8     16     -8 (VIOLATED)
clkbuf_4_15_0_clk/X                       8     16     -8 (VIOLATED)
clkbuf_4_1_0_clk/X                        8     16     -8 (VIOLATED)
clkbuf_4_2_0_clk/X                        8     16     -8 (VIOLATED)
clkbuf_4_3_0_clk/X                        8     16     -8 (VIOLATED)
clkbuf_4_4_0_clk/X                        8     16     -8 (VIOLATED)
clkbuf_4_5_0_clk/X                        8     16     -8 (VIOLATED)
clkbuf_4_6_0_clk/X                        8     16     -8 (VIOLATED)
clkbuf_4_7_0_clk/X                        8     16     -8 (VIOLATED)
clkbuf_4_8_0_clk/X                        8     16     -8 (VIOLATED)
clkbuf_4_9_0_clk/X                        8     16     -8 (VIOLATED)

max capacitance

Pin                                    Limit     Cap   Slack
------------------------------------------------------------
xmem_instance/gen_512x32[0].i_cut/A_DOUT[31]    0.00    0.03   -0.03 (VIOLATED)
xmem_instance/gen_512x32[0].i_cut/A_DOUT[29]    0.00    0.03   -0.03 (VIOLATED)
xmem_instance/gen_512x32[0].i_cut/A_DOUT[28]    0.00    0.03   -0.03 (VIOLATED)
xmem_instance/gen_512x32[0].i_cut/A_DOUT[30]    0.00    0.03   -0.03 (VIOLATED)
xmem_instance/gen_512x32[0].i_cut/A_DOUT[26]    0.00    0.03   -0.03 (VIOLATED)
xmem_instance/gen_512x32[0].i_cut/A_DOUT[27]    0.00    0.03   -0.03 (VIOLATED)
xmem_instance/gen_512x32[0].i_cut/A_DOUT[24]    0.00    0.03   -0.03 (VIOLATED)
xmem_instance/gen_512x32[0].i_cut/A_DOUT[25]    0.00    0.03   -0.03 (VIOLATED)
xmem_instance/gen_512x32[0].i_cut/A_DOUT[21]    0.00    0.03   -0.03 (VIOLATED)
xmem_instance/gen_512x32[0].i_cut/A_DOUT[23]    0.00    0.03   -0.03 (VIOLATED)
xmem_instance/gen_512x32[0].i_cut/A_DOUT[20]    0.00    0.03   -0.03 (VIOLATED)
xmem_instance/gen_512x32[0].i_cut/A_DOUT[19]    0.00    0.03   -0.03 (VIOLATED)
xmem_instance/gen_512x32[0].i_cut/A_DOUT[22]    0.00    0.03   -0.03 (VIOLATED)
xmem_instance/gen_512x32[0].i_cut/A_DOUT[18]    0.00    0.03   -0.03 (VIOLATED)
xmem_instance/gen_512x32[0].i_cut/A_DOUT[17]    0.00    0.03   -0.03 (VIOLATED)
xmem_instance/gen_512x32[0].i_cut/A_DOUT[16]    0.00    0.03   -0.03 (VIOLATED)
xmem_instance/gen_512x32[2].i_cut/A_DOUT[31]    0.00    0.02   -0.02 (VIOLATED)
xmem_instance/gen_512x32[2].i_cut/A_DOUT[29]    0.00    0.02   -0.02 (VIOLATED)
xmem_instance/gen_512x32[0].i_cut/A_DOUT[9]    0.00    0.02   -0.02 (VIOLATED)
xmem_instance/gen_512x32[2].i_cut/A_DOUT[28]    0.00    0.02   -0.02 (VIOLATED)
xmem_instance/gen_512x32[0].i_cut/A_DOUT[12]    0.00    0.02   -0.02 (VIOLATED)
xmem_instance/gen_512x32[2].i_cut/A_DOUT[30]    0.00    0.02   -0.02 (VIOLATED)
xmem_instance/gen_512x32[0].i_cut/A_DOUT[13]    0.00    0.02   -0.02 (VIOLATED)
xmem_instance/gen_512x32[0].i_cut/A_DOUT[11]    0.00    0.02   -0.02 (VIOLATED)
xmem_instance/gen_512x32[1].i_cut/A_DOUT[18]    0.00    0.02   -0.02 (VIOLATED)
xmem_instance/gen_512x32[1].i_cut/A_DOUT[15]    0.00    0.02   -0.02 (VIOLATED)
xmem_instance/gen_512x32[2].i_cut/A_DOUT[26]    0.00    0.02   -0.02 (VIOLATED)
xmem_instance/gen_512x32[0].i_cut/A_DOUT[7]    0.00    0.02   -0.02 (VIOLATED)
xmem_instance/gen_512x32[2].i_cut/A_DOUT[27]    0.00    0.02   -0.02 (VIOLATED)
xmem_instance/gen_512x32[1].i_cut/A_DOUT[16]    0.00    0.02   -0.02 (VIOLATED)
xmem_instance/gen_512x32[0].i_cut/A_DOUT[2]    0.00    0.02   -0.02 (VIOLATED)
xmem_instance/gen_512x32[0].i_cut/A_DOUT[4]    0.00    0.02   -0.02 (VIOLATED)
xmem_instance/gen_512x32[1].i_cut/A_DOUT[8]    0.00    0.02   -0.02 (VIOLATED)
xmem_instance/gen_512x32[1].i_cut/A_DOUT[13]    0.00    0.02   -0.02 (VIOLATED)
xmem_instance/gen_512x32[0].i_cut/A_DOUT[14]    0.00    0.02   -0.02 (VIOLATED)
xmem_instance/gen_512x32[0].i_cut/A_DOUT[10]    0.00    0.02   -0.02 (VIOLATED)
xmem_instance/gen_512x32[2].i_cut/A_DOUT[24]    0.00    0.02   -0.02 (VIOLATED)
xmem_instance/gen_512x32[2].i_cut/A_DOUT[25]    0.00    0.02   -0.02 (VIOLATED)
xmem_instance/gen_512x32[0].i_cut/A_DOUT[5]    0.00    0.02   -0.02 (VIOLATED)
xmem_instance/gen_512x32[0].i_cut/A_DOUT[3]    0.00    0.02   -0.02 (VIOLATED)
xmem_instance/gen_512x32[1].i_cut/A_DOUT[14]    0.00    0.02   -0.02 (VIOLATED)
xmem_instance/gen_512x32[0].i_cut/A_DOUT[1]    0.00    0.02   -0.02 (VIOLATED)
xmem_instance/gen_512x32[0].i_cut/A_DOUT[8]    0.00    0.02   -0.02 (VIOLATED)
xmem_instance/gen_512x32[2].i_cut/A_DOUT[21]    0.00    0.02   -0.02 (VIOLATED)
xmem_instance/gen_512x32[1].i_cut/A_DOUT[19]    0.00    0.02   -0.02 (VIOLATED)
xmem_instance/gen_512x32[1].i_cut/A_DOUT[10]    0.00    0.02   -0.02 (VIOLATED)
xmem_instance/gen_512x32[1].i_cut/A_DOUT[6]    0.00    0.02   -0.02 (VIOLATED)
xmem_instance/gen_512x32[2].i_cut/A_DOUT[23]    0.00    0.02   -0.02 (VIOLATED)
xmem_instance/gen_512x32[0].i_cut/A_DOUT[15]    0.00    0.02   -0.02 (VIOLATED)
xmem_instance/gen_512x32[1].i_cut/A_DOUT[22]    0.00    0.02   -0.02 (VIOLATED)
xmem_instance/gen_512x32[1].i_cut/A_DOUT[5]    0.00    0.02   -0.02 (VIOLATED)
xmem_instance/gen_512x32[2].i_cut/A_DOUT[20]    0.00    0.02   -0.02 (VIOLATED)
xmem_instance/gen_512x32[1].i_cut/A_DOUT[21]    0.00    0.02   -0.02 (VIOLATED)
xmem_instance/gen_512x32[1].i_cut/A_DOUT[17]    0.00    0.02   -0.02 (VIOLATED)
xmem_instance/gen_512x32[1].i_cut/A_DOUT[0]    0.00    0.02   -0.02 (VIOLATED)
xmem_instance/gen_512x32[1].i_cut/A_DOUT[12]    0.00    0.02   -0.02 (VIOLATED)
xmem_instance/gen_512x32[0].i_cut/A_DOUT[6]    0.00    0.02   -0.02 (VIOLATED)
xmem_instance/gen_512x32[1].i_cut/A_DOUT[20]    0.00    0.02   -0.02 (VIOLATED)
xmem_instance/gen_512x32[2].i_cut/A_DOUT[19]    0.00    0.02   -0.02 (VIOLATED)
xmem_instance/gen_512x32[1].i_cut/A_DOUT[9]    0.00    0.02   -0.02 (VIOLATED)
xmem_instance/gen_512x32[1].i_cut/A_DOUT[23]    0.00    0.02   -0.02 (VIOLATED)
xmem_instance/gen_512x32[1].i_cut/A_DOUT[24]    0.00    0.02   -0.02 (VIOLATED)
xmem_instance/gen_512x32[1].i_cut/A_DOUT[26]    0.00    0.02   -0.02 (VIOLATED)
xmem_instance/gen_512x32[1].i_cut/A_DOUT[30]    0.00    0.02   -0.02 (VIOLATED)
xmem_instance/gen_512x32[2].i_cut/A_DOUT[22]    0.00    0.02   -0.02 (VIOLATED)
xmem_instance/gen_512x32[0].i_cut/A_DOUT[0]    0.00    0.02   -0.02 (VIOLATED)
xmem_instance/gen_512x32[2].i_cut/A_DOUT[18]    0.00    0.02   -0.02 (VIOLATED)
xmem_instance/gen_512x32[1].i_cut/A_DOUT[2]    0.00    0.02   -0.02 (VIOLATED)
xmem_instance/gen_512x32[1].i_cut/A_DOUT[4]    0.00    0.02   -0.02 (VIOLATED)
xmem_instance/gen_512x32[1].i_cut/A_DOUT[29]    0.00    0.02   -0.02 (VIOLATED)
xmem_instance/gen_512x32[1].i_cut/A_DOUT[25]    0.00    0.02   -0.02 (VIOLATED)
xmem_instance/gen_512x32[2].i_cut/A_DOUT[17]    0.00    0.02   -0.02 (VIOLATED)
xmem_instance/gen_512x32[1].i_cut/A_DOUT[31]    0.00    0.02   -0.02 (VIOLATED)
xmem_instance/gen_512x32[1].i_cut/A_DOUT[11]    0.00    0.02   -0.02 (VIOLATED)
xmem_instance/gen_512x32[1].i_cut/A_DOUT[7]    0.00    0.02   -0.02 (VIOLATED)
xmem_instance/gen_512x32[2].i_cut/A_DOUT[16]    0.00    0.02   -0.02 (VIOLATED)
xmem_instance/gen_512x32[1].i_cut/A_DOUT[27]    0.00    0.02   -0.02 (VIOLATED)
xmem_instance/gen_512x32[1].i_cut/A_DOUT[1]    0.00    0.02   -0.02 (VIOLATED)
xmem_instance/gen_512x32[1].i_cut/A_DOUT[3]    0.00    0.02   -0.02 (VIOLATED)
xmem_instance/gen_512x32[1].i_cut/A_DOUT[28]    0.00    0.02   -0.02 (VIOLATED)
xmem_instance/gen_512x32[2].i_cut/A_DOUT[9]    0.00    0.01   -0.01 (VIOLATED)
xmem_instance/gen_512x32[2].i_cut/A_DOUT[12]    0.00    0.01   -0.01 (VIOLATED)
xmem_instance/gen_512x32[2].i_cut/A_DOUT[13]    0.00    0.01   -0.01 (VIOLATED)
xmem_instance/gen_512x32[3].i_cut/A_DOUT[18]    0.00    0.01   -0.01 (VIOLATED)
pmem_instance/gen_2048x64[0].i_cut/A_DOUT[1]    0.00    0.01   -0.01 (VIOLATED)
xmem_instance/gen_512x32[2].i_cut/A_DOUT[11]    0.00    0.01   -0.01 (VIOLATED)
pmem_instance/gen_2048x64[0].i_cut/A_DOUT[2]    0.00    0.01   -0.01 (VIOLATED)
xmem_instance/gen_512x32[3].i_cut/A_DOUT[15]    0.00    0.01   -0.01 (VIOLATED)
pmem_instance/gen_2048x64[0].i_cut/A_DOUT[4]    0.00    0.01   -0.01 (VIOLATED)
pmem_instance/gen_2048x64[0].i_cut/A_DOUT[0]    0.00    0.01   -0.01 (VIOLATED)
xmem_instance/gen_512x32[2].i_cut/A_DOUT[7]    0.00    0.01   -0.01 (VIOLATED)
pmem_instance/gen_2048x64[0].i_cut/A_DOUT[5]    0.00    0.01   -0.01 (VIOLATED)
pmem_instance/gen_2048x64[0].i_cut/A_DOUT[6]    0.00    0.01   -0.01 (VIOLATED)
pmem_instance/gen_2048x64[0].i_cut/A_DOUT[3]    0.00    0.01   -0.01 (VIOLATED)
pmem_instance/gen_2048x64[0].i_cut/A_DOUT[7]    0.00    0.01   -0.01 (VIOLATED)
pmem_instance/gen_2048x64[0].i_cut/A_DOUT[9]    0.00    0.01   -0.01 (VIOLATED)
xmem_instance/gen_512x32[3].i_cut/A_DOUT[16]    0.00    0.01   -0.01 (VIOLATED)
pmem_instance/gen_2048x64[0].i_cut/A_DOUT[11]    0.00    0.01   -0.01 (VIOLATED)
pmem_instance/gen_2048x64[0].i_cut/A_DOUT[8]    0.00    0.01   -0.01 (VIOLATED)
xmem_instance/gen_512x32[2].i_cut/A_DOUT[2]    0.00    0.01   -0.01 (VIOLATED)
xmem_instance/gen_512x32[2].i_cut/A_DOUT[4]    0.00    0.01   -0.01 (VIOLATED)
xmem_instance/gen_512x32[3].i_cut/A_DOUT[8]    0.00    0.01   -0.01 (VIOLATED)
xmem_instance/gen_512x32[3].i_cut/A_DOUT[13]    0.00    0.01   -0.01 (VIOLATED)
xmem_instance/gen_512x32[2].i_cut/A_DOUT[14]    0.00    0.01   -0.01 (VIOLATED)
xmem_instance/gen_512x32[2].i_cut/A_DOUT[10]    0.00    0.01   -0.01 (VIOLATED)
xmem_instance/gen_512x32[2].i_cut/A_DOUT[5]    0.00    0.01   -0.01 (VIOLATED)
xmem_instance/gen_512x32[3].i_cut/A_DOUT[14]    0.00    0.01   -0.01 (VIOLATED)
xmem_instance/gen_512x32[2].i_cut/A_DOUT[3]    0.00    0.01   -0.01 (VIOLATED)
pmem_instance/gen_2048x64[0].i_cut/A_DOUT[10]    0.00    0.01   -0.01 (VIOLATED)
xmem_instance/gen_512x32[2].i_cut/A_DOUT[1]    0.00    0.01   -0.01 (VIOLATED)
xmem_instance/gen_512x32[2].i_cut/A_DOUT[8]    0.00    0.01   -0.01 (VIOLATED)
xmem_instance/gen_512x32[3].i_cut/A_DOUT[19]    0.00    0.01   -0.01 (VIOLATED)
pmem_instance/gen_2048x64[0].i_cut/A_DOUT[12]    0.00    0.01   -0.01 (VIOLATED)
xmem_instance/gen_512x32[3].i_cut/A_DOUT[10]    0.00    0.01   -0.01 (VIOLATED)
xmem_instance/gen_512x32[3].i_cut/A_DOUT[6]    0.00    0.01   -0.01 (VIOLATED)
pmem_instance/gen_2048x64[0].i_cut/A_DOUT[13]    0.00    0.01   -0.01 (VIOLATED)
pmem_instance/gen_2048x64[0].i_cut/A_DOUT[14]    0.00    0.01   -0.01 (VIOLATED)
xmem_instance/gen_512x32[3].i_cut/A_DOUT[22]    0.00    0.01   -0.01 (VIOLATED)
xmem_instance/gen_512x32[3].i_cut/A_DOUT[5]    0.00    0.01   -0.01 (VIOLATED)
xmem_instance/gen_512x32[3].i_cut/A_DOUT[21]    0.00    0.01   -0.01 (VIOLATED)
xmem_instance/gen_512x32[2].i_cut/A_DOUT[15]    0.00    0.01   -0.01 (VIOLATED)
pmem_instance/gen_2048x64[0].i_cut/A_DOUT[15]    0.00    0.01   -0.01 (VIOLATED)
xmem_instance/gen_512x32[3].i_cut/A_DOUT[2]    0.00    0.01   -0.01 (VIOLATED)
xmem_instance/gen_512x32[3].i_cut/A_DOUT[17]    0.00    0.01   -0.01 (VIOLATED)
xmem_instance/gen_512x32[3].i_cut/A_DOUT[0]    0.00    0.01   -0.01 (VIOLATED)
pmem_instance/gen_2048x64[0].i_cut/A_DOUT[16]    0.00    0.01   -0.01 (VIOLATED)
xmem_instance/gen_512x32[3].i_cut/A_DOUT[12]    0.00    0.01   -0.01 (VIOLATED)
xmem_instance/gen_512x32[3].i_cut/A_DOUT[9]    0.00    0.01   -0.01 (VIOLATED)
xmem_instance/gen_512x32[3].i_cut/A_DOUT[20]    0.00    0.01   -0.01 (VIOLATED)
pmem_instance/gen_2048x64[0].i_cut/A_DOUT[18]    0.00    0.01   -0.01 (VIOLATED)
pmem_instance/gen_2048x64[0].i_cut/A_DOUT[17]    0.00    0.01   -0.01 (VIOLATED)
xmem_instance/gen_512x32[2].i_cut/A_DOUT[6]    0.00    0.01   -0.01 (VIOLATED)
xmem_instance/gen_512x32[3].i_cut/A_DOUT[23]    0.00    0.01   -0.01 (VIOLATED)
xmem_instance/gen_512x32[3].i_cut/A_DOUT[24]    0.00    0.01   -0.01 (VIOLATED)
xmem_instance/gen_512x32[3].i_cut/A_DOUT[26]    0.00    0.01   -0.01 (VIOLATED)
xmem_instance/gen_512x32[3].i_cut/A_DOUT[30]    0.00    0.01   -0.01 (VIOLATED)
pmem_instance/gen_2048x64[0].i_cut/A_DOUT[19]    0.00    0.01   -0.01 (VIOLATED)
xmem_instance/gen_512x32[3].i_cut/A_DOUT[29]    0.00    0.01   -0.01 (VIOLATED)
xmem_instance/gen_512x32[3].i_cut/A_DOUT[4]    0.00    0.01   -0.01 (VIOLATED)
xmem_instance/gen_512x32[3].i_cut/A_DOUT[28]    0.00    0.01   -0.01 (VIOLATED)
xmem_instance/gen_512x32[2].i_cut/A_DOUT[0]    0.00    0.01   -0.01 (VIOLATED)
xmem_instance/gen_512x32[3].i_cut/A_DOUT[1]    0.00    0.01   -0.01 (VIOLATED)
xmem_instance/gen_512x32[3].i_cut/A_DOUT[7]    0.00    0.01   -0.01 (VIOLATED)
xmem_instance/gen_512x32[3].i_cut/A_DOUT[25]    0.00    0.01   -0.01 (VIOLATED)
pmem_instance/gen_2048x64[0].i_cut/A_DOUT[20]    0.00    0.01   -0.01 (VIOLATED)
pmem_instance/gen_2048x64[0].i_cut/A_DOUT[21]    0.00    0.01   -0.01 (VIOLATED)
pmem_instance/gen_2048x64[0].i_cut/A_DOUT[23]    0.00    0.01   -0.01 (VIOLATED)
pmem_instance/gen_2048x64[0].i_cut/A_DOUT[48]    0.00    0.01   -0.01 (VIOLATED)
pmem_instance/gen_2048x64[0].i_cut/A_DOUT[24]    0.00    0.01   -0.01 (VIOLATED)
pmem_instance/gen_2048x64[0].i_cut/A_DOUT[50]    0.00    0.01   -0.01 (VIOLATED)
xmem_instance/gen_512x32[3].i_cut/A_DOUT[3]    0.00    0.01   -0.01 (VIOLATED)
xmem_instance/gen_512x32[3].i_cut/A_DOUT[31]    0.00    0.01   -0.01 (VIOLATED)
pmem_instance/gen_2048x64[0].i_cut/A_DOUT[22]    0.00    0.01   -0.01 (VIOLATED)
xmem_instance/gen_512x32[3].i_cut/A_DOUT[11]    0.00    0.01   -0.01 (VIOLATED)
pmem_instance/gen_2048x64[0].i_cut/A_DOUT[49]    0.00    0.01   -0.01 (VIOLATED)
pmem_instance/gen_2048x64[0].i_cut/A_DOUT[51]    0.00    0.01   -0.01 (VIOLATED)
pmem_instance/gen_2048x64[0].i_cut/A_DOUT[52]    0.00    0.01   -0.01 (VIOLATED)
xmem_instance/gen_512x32[3].i_cut/A_DOUT[27]    0.00    0.01   -0.01 (VIOLATED)
pmem_instance/gen_2048x64[0].i_cut/A_DOUT[25]    0.00    0.01   -0.01 (VIOLATED)
pmem_instance/gen_2048x64[1].i_cut/A_DOUT[62]    0.00    0.01   -0.01 (VIOLATED)
pmem_instance/gen_2048x64[0].i_cut/A_DOUT[53]    0.00    0.01   -0.01 (VIOLATED)
pmem_instance/gen_2048x64[0].i_cut/A_DOUT[54]    0.00    0.01   -0.01 (VIOLATED)
pmem_instance/gen_2048x64[1].i_cut/A_DOUT[61]    0.00    0.01   -0.01 (VIOLATED)
pmem_instance/gen_2048x64[0].i_cut/A_DOUT[26]    0.00    0.01   -0.01 (VIOLATED)
pmem_instance/gen_2048x64[0].i_cut/A_DOUT[55]    0.00    0.01   -0.01 (VIOLATED)
pmem_instance/gen_2048x64[0].i_cut/A_DOUT[56]    0.00    0.01   -0.01 (VIOLATED)
pmem_instance/gen_2048x64[1].i_cut/A_DOUT[0]    0.00    0.01   -0.01 (VIOLATED)
pmem_instance/gen_2048x64[0].i_cut/A_DOUT[27]    0.00    0.01   -0.01 (VIOLATED)
pmem_instance/gen_2048x64[0].i_cut/A_DOUT[28]    0.00    0.01   -0.01 (VIOLATED)
pmem_instance/gen_2048x64[1].i_cut/A_DOUT[58]    0.00    0.01   -0.01 (VIOLATED)
pmem_instance/gen_2048x64[1].i_cut/A_DOUT[56]    0.00    0.01   -0.01 (VIOLATED)
pmem_instance/gen_2048x64[1].i_cut/A_DOUT[24]    0.00    0.01   -0.01 (VIOLATED)
pmem_instance/gen_2048x64[1].i_cut/A_DOUT[63]    0.00    0.01   -0.01 (VIOLATED)
pmem_instance/gen_2048x64[1].i_cut/A_DOUT[55]    0.00    0.01   -0.01 (VIOLATED)
pmem_instance/gen_2048x64[1].i_cut/A_DOUT[22]    0.00    0.01   -0.01 (VIOLATED)
pmem_instance/gen_2048x64[1].i_cut/A_DOUT[1]    0.00    0.01   -0.01 (VIOLATED)
pmem_instance/gen_2048x64[1].i_cut/A_DOUT[57]    0.00    0.01   -0.01 (VIOLATED)
pmem_instance/gen_2048x64[1].i_cut/A_DOUT[33]    0.00    0.01   -0.01 (VIOLATED)
pmem_instance/gen_2048x64[1].i_cut/A_DOUT[54]    0.00    0.01   -0.01 (VIOLATED)
pmem_instance/gen_2048x64[1].i_cut/A_DOUT[19]    0.00    0.01   -0.01 (VIOLATED)
pmem_instance/gen_2048x64[1].i_cut/A_DOUT[59]    0.00    0.01   -0.01 (VIOLATED)
pmem_instance/gen_2048x64[1].i_cut/A_DOUT[12]    0.00    0.01   -0.01 (VIOLATED)
pmem_instance/gen_2048x64[1].i_cut/A_DOUT[34]    0.00    0.01   -0.01 (VIOLATED)
pmem_instance/gen_2048x64[1].i_cut/A_DOUT[47]    0.00    0.01   -0.01 (VIOLATED)
pmem_instance/gen_2048x64[1].i_cut/A_DOUT[53]    0.00    0.01   -0.01 (VIOLATED)
pmem_instance/gen_2048x64[1].i_cut/A_DOUT[32]    0.00    0.01   -0.01 (VIOLATED)
pmem_instance/gen_2048x64[1].i_cut/A_DOUT[46]    0.00    0.01   -0.01 (VIOLATED)
pmem_instance/gen_2048x64[1].i_cut/A_DOUT[60]    0.00    0.01   -0.01 (VIOLATED)
pmem_instance/gen_2048x64[0].i_cut/A_DOUT[29]    0.00    0.01   -0.01 (VIOLATED)
pmem_instance/gen_2048x64[1].i_cut/A_DOUT[13]    0.00    0.01   -0.01 (VIOLATED)
pmem_instance/gen_2048x64[1].i_cut/A_DOUT[25]    0.00    0.01   -0.01 (VIOLATED)
pmem_instance/gen_2048x64[1].i_cut/A_DOUT[44]    0.00    0.01   -0.01 (VIOLATED)
pmem_instance/gen_2048x64[0].i_cut/A_DOUT[33]    0.00    0.01   -0.01 (VIOLATED)
pmem_instance/gen_2048x64[1].i_cut/A_DOUT[35]    0.00    0.01   -0.01 (VIOLATED)
pmem_instance/gen_2048x64[1].i_cut/A_DOUT[20]    0.00    0.01   -0.01 (VIOLATED)
pmem_instance/gen_2048x64[0].i_cut/A_DOUT[37]    0.00    0.01   -0.01 (VIOLATED)
pmem_instance/gen_2048x64[1].i_cut/A_DOUT[15]    0.00    0.01   -0.01 (VIOLATED)
pmem_instance/gen_2048x64[1].i_cut/A_DOUT[23]    0.00    0.01   -0.01 (VIOLATED)
pmem_instance/gen_2048x64[1].i_cut/A_DOUT[40]    0.00    0.01   -0.01 (VIOLATED)
pmem_instance/gen_2048x64[0].i_cut/A_DOUT[57]    0.00    0.01   -0.01 (VIOLATED)
pmem_instance/gen_2048x64[1].i_cut/A_DOUT[36]    0.00    0.01   -0.01 (VIOLATED)
pmem_instance/gen_2048x64[1].i_cut/A_DOUT[38]    0.00    0.01   -0.01 (VIOLATED)
pmem_instance/gen_2048x64[1].i_cut/A_DOUT[41]    0.00    0.01   -0.01 (VIOLATED)
pmem_instance/gen_2048x64[1].i_cut/A_DOUT[10]    0.00    0.01   -0.01 (VIOLATED)
pmem_instance/gen_2048x64[1].i_cut/A_DOUT[43]    0.00    0.01   -0.01 (VIOLATED)
pmem_instance/gen_2048x64[0].i_cut/A_DOUT[40]    0.00    0.01   -0.01 (VIOLATED)
pmem_instance/gen_2048x64[0].i_cut/A_DOUT[38]    0.00    0.01   -0.01 (VIOLATED)
pmem_instance/gen_2048x64[1].i_cut/A_DOUT[37]    0.00    0.01   -0.01 (VIOLATED)
pmem_instance/gen_2048x64[0].i_cut/A_DOUT[46]    0.00    0.01   -0.01 (VIOLATED)
pmem_instance/gen_2048x64[0].i_cut/A_DOUT[61]    0.00    0.01   -0.01 (VIOLATED)
pmem_instance/gen_2048x64[1].i_cut/A_DOUT[29]    0.00    0.01   -0.01 (VIOLATED)
pmem_instance/gen_2048x64[1].i_cut/A_DOUT[8]    0.00    0.01   -0.01 (VIOLATED)
pmem_instance/gen_2048x64[1].i_cut/A_DOUT[14]    0.00    0.01   -0.01 (VIOLATED)
pmem_instance/gen_2048x64[0].i_cut/A_DOUT[31]    0.00    0.01   -0.01 (VIOLATED)
pmem_instance/gen_2048x64[1].i_cut/A_DOUT[7]    0.00    0.01   -0.01 (VIOLATED)
pmem_instance/gen_2048x64[0].i_cut/A_DOUT[30]    0.00    0.01   -0.01 (VIOLATED)
pmem_instance/gen_2048x64[1].i_cut/A_DOUT[2]    0.00    0.01   -0.01 (VIOLATED)
pmem_instance/gen_2048x64[0].i_cut/A_DOUT[58]    0.00    0.01   -0.01 (VIOLATED)
pmem_instance/gen_2048x64[0].i_cut/A_DOUT[47]    0.00    0.01   -0.01 (VIOLATED)
pmem_instance/gen_2048x64[1].i_cut/A_DOUT[42]    0.00    0.01   -0.01 (VIOLATED)
pmem_instance/gen_2048x64[0].i_cut/A_DOUT[59]    0.00    0.01   -0.01 (VIOLATED)
pmem_instance/gen_2048x64[1].i_cut/A_DOUT[39]    0.00    0.01   -0.01 (VIOLATED)
pmem_instance/gen_2048x64[1].i_cut/A_DOUT[11]    0.00    0.01   -0.01 (VIOLATED)
pmem_instance/gen_2048x64[0].i_cut/A_DOUT[45]    0.00    0.01   -0.01 (VIOLATED)
pmem_instance/gen_2048x64[0].i_cut/A_DOUT[36]    0.00    0.01   -0.01 (VIOLATED)
pmem_instance/gen_2048x64[1].i_cut/A_DOUT[17]    0.00    0.01   -0.01 (VIOLATED)
pmem_instance/gen_2048x64[1].i_cut/A_DOUT[26]    0.00    0.01   -0.01 (VIOLATED)
pmem_instance/gen_2048x64[1].i_cut/A_DOUT[6]    0.00    0.01   -0.01 (VIOLATED)
pmem_instance/gen_2048x64[1].i_cut/A_DOUT[30]    0.00    0.01   -0.01 (VIOLATED)
pmem_instance/gen_2048x64[1].i_cut/A_DOUT[27]    0.00    0.01   -0.01 (VIOLATED)
pmem_instance/gen_2048x64[0].i_cut/A_DOUT[32]    0.00    0.01   -0.01 (VIOLATED)
pmem_instance/gen_2048x64[1].i_cut/A_DOUT[5]    0.00    0.01   -0.01 (VIOLATED)
pmem_instance/gen_2048x64[1].i_cut/A_DOUT[4]    0.00    0.01   -0.01 (VIOLATED)
pmem_instance/gen_2048x64[1].i_cut/A_DOUT[3]    0.00    0.01   -0.01 (VIOLATED)
pmem_instance/gen_2048x64[1].i_cut/A_DOUT[52]    0.00    0.01   -0.01 (VIOLATED)
pmem_instance/gen_2048x64[1].i_cut/A_DOUT[18]    0.00    0.01   -0.01 (VIOLATED)
pmem_instance/gen_2048x64[1].i_cut/A_DOUT[28]    0.00    0.01   -0.01 (VIOLATED)
pmem_instance/gen_2048x64[1].i_cut/A_DOUT[49]    0.00    0.01   -0.01 (VIOLATED)
pmem_instance/gen_2048x64[0].i_cut/A_DOUT[44]    0.00    0.01   -0.01 (VIOLATED)
pmem_instance/gen_2048x64[0].i_cut/A_DOUT[39]    0.00    0.01   -0.01 (VIOLATED)
pmem_instance/gen_2048x64[0].i_cut/A_DOUT[43]    0.00    0.01   -0.01 (VIOLATED)
pmem_instance/gen_2048x64[0].i_cut/A_DOUT[41]    0.00    0.01   -0.01 (VIOLATED)
pmem_instance/gen_2048x64[1].i_cut/A_DOUT[45]    0.00    0.01   -0.01 (VIOLATED)
pmem_instance/gen_2048x64[1].i_cut/A_DOUT[50]    0.00    0.01   -0.01 (VIOLATED)
pmem_instance/gen_2048x64[1].i_cut/A_DOUT[51]    0.00    0.01   -0.01 (VIOLATED)
pmem_instance/gen_2048x64[1].i_cut/A_DOUT[31]    0.00    0.01   -0.01 (VIOLATED)
pmem_instance/gen_2048x64[0].i_cut/A_DOUT[35]    0.00    0.01   -0.01 (VIOLATED)
pmem_instance/gen_2048x64[0].i_cut/A_DOUT[62]    0.00    0.01   -0.01 (VIOLATED)
pmem_instance/gen_2048x64[0].i_cut/A_DOUT[34]    0.00    0.01   -0.01 (VIOLATED)
pmem_instance/gen_2048x64[0].i_cut/A_DOUT[42]    0.00    0.01   -0.01 (VIOLATED)
pmem_instance/gen_2048x64[1].i_cut/A_DOUT[16]    0.00    0.01   -0.01 (VIOLATED)
pmem_instance/gen_2048x64[0].i_cut/A_DOUT[60]    0.00    0.01   -0.01 (VIOLATED)
pmem_instance/gen_2048x64[0].i_cut/A_DOUT[63]    0.00    0.01   -0.01 (VIOLATED)
pmem_instance/gen_2048x64[1].i_cut/A_DOUT[48]    0.00    0.01   -0.01 (VIOLATED)
pmem_instance/gen_2048x64[1].i_cut/A_DOUT[21]    0.00    0.01   -0.01 (VIOLATED)
pmem_instance/gen_2048x64[1].i_cut/A_DOUT[9]    0.00    0.01   -0.01 (VIOLATED)


==========================================================================
cts final max_slew_check_slack
--------------------------------------------------------------------------
0.2614760994911194

==========================================================================
cts final max_slew_check_limit
--------------------------------------------------------------------------
0.476000040769577

==========================================================================
cts final max_slew_check_slack_limit
--------------------------------------------------------------------------
0.5493

==========================================================================
cts final max_fanout_check_slack
--------------------------------------------------------------------------
-8.0

==========================================================================
cts final max_fanout_check_limit
--------------------------------------------------------------------------
8.0

==========================================================================
cts final max_fanout_check_slack_limit
--------------------------------------------------------------------------
-1.0000

==========================================================================
cts final max_capacitance_check_slack
--------------------------------------------------------------------------
-0.03289886191487312

==========================================================================
cts final max_capacitance_check_limit
--------------------------------------------------------------------------
6.40000002321596e-14

==========================================================================
cts final max_capacitance_check_slack_limit
--------------------------------------------------------------------------
-514044715555.1985

==========================================================================
cts final max_slew_violation_count
--------------------------------------------------------------------------
max slew violation count 0

==========================================================================
cts final max_fanout_violation_count
--------------------------------------------------------------------------
max fanout violation count 16

==========================================================================
cts final max_cap_violation_count
--------------------------------------------------------------------------
max cap violation count 256

==========================================================================
cts final setup_violation_count
--------------------------------------------------------------------------
setup violation count 0

==========================================================================
cts final hold_violation_count
--------------------------------------------------------------------------
hold violation count 0

==========================================================================
cts final report_checks -path_delay max reg to reg
--------------------------------------------------------------------------
Startpoint: pmem_instance/gen_2048x64[0].i_cut
            (rising edge-triggered flip-flop clocked by core_clock)
Endpoint: mac_array_instance/row_num[0].mac_row_instance/col_num[0].mac_tile_instance/c_q[12]$_DFFE_PP_
          (rising edge-triggered flip-flop clocked by core_clock)
Path Group: core_clock
Path Type: max

  Delay    Time   Description
---------------------------------------------------------
   0.00    0.00   clock core_clock (rise edge)
   0.00    0.00   clock source latency
   0.00    0.00 ^ clk (in)
   0.17    0.17 ^ clkbuf_0_clk/X (sg13g2_buf_8)
   0.14    0.31 ^ clkbuf_1_0_0_clk/X (sg13g2_buf_16)
   0.13    0.43 ^ clkbuf_2_0_0_clk/X (sg13g2_buf_16)
   0.18    0.61 ^ clkbuf_4_2_0_clk/X (sg13g2_buf_16)
   0.11    0.72 ^ clkbuf_8_47_0_clk/X (sg13g2_buf_16)
   0.08    0.81 ^ clkbuf_9_95__f_clk/X (sg13g2_buf_8)
   0.00    0.81 ^ pmem_instance/gen_2048x64[0].i_cut/A_CLK (RM_IHPSG13_1P_2048x64_c2_bm_bist)
   5.43    6.24 ^ pmem_instance/gen_2048x64[0].i_cut/A_DOUT[12] (RM_IHPSG13_1P_2048x64_c2_bm_bist)
   0.06    6.30 ^ max_cap187/X (sg13g2_buf_1)
   0.06    6.35 ^ max_cap7623/X (sg13g2_buf_1)
   0.05    6.40 ^ max_cap6846/X (sg13g2_buf_1)
   0.07    6.47 ^ mac_array_instance/row_num[0].mac_row_instance/col_num[0].mac_tile_instance/_083_/X (sg13g2_mux2_1)
   0.00    6.47 ^ mac_array_instance/row_num[0].mac_row_instance/col_num[0].mac_tile_instance/c_q[12]$_DFFE_PP_/D (sg13g2_dfrbp_1)
           6.47   data arrival time

  10.00   10.00   clock core_clock (rise edge)
   0.00   10.00   clock source latency
   0.00   10.00 ^ clk (in)
   0.17   10.17 ^ clkbuf_0_clk/X (sg13g2_buf_8)
   0.14   10.31 ^ clkbuf_1_0_0_clk/X (sg13g2_buf_16)
   0.13   10.43 ^ clkbuf_2_0_0_clk/X (sg13g2_buf_16)
   0.18   10.61 ^ clkbuf_4_2_0_clk/X (sg13g2_buf_16)
   0.11   10.72 ^ clkbuf_8_47_0_clk/X (sg13g2_buf_16)
   0.08   10.81 ^ clkbuf_9_95__f_clk/X (sg13g2_buf_8)
   0.07   10.88 ^ clkbuf_leaf_807_clk/X (sg13g2_buf_16)
   0.00   10.88 ^ mac_array_instance/row_num[0].mac_row_instance/col_num[0].mac_tile_instance/c_q[12]$_DFFE_PP_/CLK (sg13g2_dfrbp_1)
   0.00   10.88   clock reconvergence pessimism
  -0.11   10.77   library setup time
          10.77   data required time
---------------------------------------------------------
          10.77   data required time
          -6.47   data arrival time
---------------------------------------------------------
           4.30   slack (MET)



==========================================================================
cts final report_checks -path_delay min reg to reg
--------------------------------------------------------------------------
Startpoint: ofifo_instance/col_num[0].fifo_instance/rd_ptr[4]$_SDFFE_PP0P_
            (rising edge-triggered flip-flop clocked by core_clock)
Endpoint: pmem_instance/gen_2048x64[0].i_cut
          (rising edge-triggered flip-flop clocked by core_clock)
Path Group: core_clock
Path Type: min

  Delay    Time   Description
---------------------------------------------------------
   0.00    0.00   clock core_clock (rise edge)
   0.00    0.00   clock source latency
   0.00    0.00 ^ clk (in)
   0.17    0.17 ^ clkbuf_0_clk/X (sg13g2_buf_8)
   0.14    0.31 ^ clkbuf_1_0_0_clk/X (sg13g2_buf_16)
   0.13    0.43 ^ clkbuf_2_0_0_clk/X (sg13g2_buf_16)
   0.17    0.61 ^ clkbuf_4_1_0_clk/X (sg13g2_buf_16)
   0.12    0.73 ^ clkbuf_8_27_0_clk/X (sg13g2_buf_16)
   0.09    0.82 ^ clkbuf_9_54__f_clk/X (sg13g2_buf_8)
   0.08    0.90 ^ clkbuf_leaf_611_clk/X (sg13g2_buf_16)
   0.00    0.90 ^ ofifo_instance/col_num[0].fifo_instance/rd_ptr[4]$_SDFFE_PP0P_/CLK (sg13g2_dfrbp_1)
   0.20    1.09 v ofifo_instance/col_num[0].fifo_instance/rd_ptr[4]$_SDFFE_PP0P_/Q (sg13g2_dfrbp_1)
   0.10    1.20 v hold12/X (sg13g2_buf_1)
   0.10    1.30 v ofifo_instance/col_num[0].fifo_instance/fifo_mux_2_1b/_02_/X (sg13g2_buf_8)
   0.09    1.38 ^ ofifo_instance/col_num[0].fifo_instance/fifo_mux_2_1b/_18_/X (sg13g2_mux2_1)
   0.10    1.48 ^ ofifo_instance/col_num[0].fifo_instance/fifo_mux_2_1c/_18_/X (sg13g2_mux2_1)
   0.00    1.48 ^ pmem_instance/gen_2048x64[0].i_cut/A_DIN[8] (RM_IHPSG13_1P_2048x64_c2_bm_bist)
           1.48   data arrival time

   0.00    0.00   clock core_clock (rise edge)
   0.00    0.00   clock source latency
   0.00    0.00 ^ clk (in)
   0.17    0.17 ^ clkbuf_0_clk/X (sg13g2_buf_8)
   0.14    0.31 ^ clkbuf_1_0_0_clk/X (sg13g2_buf_16)
   0.13    0.43 ^ clkbuf_2_0_0_clk/X (sg13g2_buf_16)
   0.18    0.61 ^ clkbuf_4_2_0_clk/X (sg13g2_buf_16)
   0.11    0.72 ^ clkbuf_8_47_0_clk/X (sg13g2_buf_16)
   0.08    0.81 ^ clkbuf_9_95__f_clk/X (sg13g2_buf_8)
   0.00    0.81 ^ pmem_instance/gen_2048x64[0].i_cut/A_CLK (RM_IHPSG13_1P_2048x64_c2_bm_bist)
   0.00    0.81   clock reconvergence pessimism
   0.60    1.40   library hold time
           1.40   data required time
---------------------------------------------------------
           1.40   data required time
          -1.48   data arrival time
---------------------------------------------------------
           0.08   slack (MET)



==========================================================================
cts final critical path target clock latency max path
--------------------------------------------------------------------------
0.8944

==========================================================================
cts final critical path target clock latency min path
--------------------------------------------------------------------------
0.8170

==========================================================================
cts final critical path source clock latency min path
--------------------------------------------------------------------------
0.0000

==========================================================================
cts final critical path delay
--------------------------------------------------------------------------
6.4731

==========================================================================
cts final critical path slack
--------------------------------------------------------------------------
4.2959

==========================================================================
cts final slack div critical path delay
--------------------------------------------------------------------------
66.365420

==========================================================================
cts final report_power
--------------------------------------------------------------------------
Group                  Internal  Switching    Leakage      Total
                          Power      Power      Power      Power (Watts)
----------------------------------------------------------------
Sequential             6.48e-02   1.02e-05   5.65e-06   6.48e-02  48.2%
Combinational          1.61e-04   1.35e-04   1.11e-05   3.07e-04   0.2%
Clock                  4.13e-02   1.53e-02   3.95e-06   5.66e-02  42.1%
Macro                  1.28e-02   0.00e+00   3.96e-06   1.28e-02   9.5%
Pad                    0.00e+00   0.00e+00   0.00e+00   0.00e+00   0.0%
----------------------------------------------------------------
Total                  1.19e-01   1.54e-02   2.47e-05   1.35e-01 100.0%
                          88.5%      11.5%       0.0%
