
==========================================================================
finish report_tns
--------------------------------------------------------------------------
tns 0.00

==========================================================================
finish report_wns
--------------------------------------------------------------------------
wns 0.00

==========================================================================
finish report_worst_slack
--------------------------------------------------------------------------
worst slack 3.62

==========================================================================
finish report_clock_skew
--------------------------------------------------------------------------
Clock core_clock
   1.10 source latency sfp_instance/valid_out_reg$_SDFF_PP0_/CLK ^
  -0.92 target latency ofifo_instance/col_num[7].fifo_instance/q47[13]$_DFFE_PP_/CLK ^
   0.00 CRPR
--------------
   0.18 setup skew


==========================================================================
finish report_checks -path_delay min
--------------------------------------------------------------------------
Startpoint: mac_array_instance/inst_q[3]$_DFF_P_
            (rising edge-triggered flip-flop clocked by core_clock)
Endpoint: mac_array_instance/inst_q[5]$_DFF_P_
          (rising edge-triggered flip-flop clocked by core_clock)
Path Group: core_clock
Path Type: min

Fanout     Cap    Slew   Delay    Time   Description
-----------------------------------------------------------------------------
                          0.00    0.00   clock core_clock (rise edge)
                          0.00    0.00   clock source latency
     1    0.26    0.00    0.00    0.00 ^ clk (in)
                                         clk (net)
                  0.23    0.11    0.11 ^ clkbuf_0_clk/A (sg13g2_buf_8)
     2    0.16    0.10    0.18    0.29 ^ clkbuf_0_clk/X (sg13g2_buf_8)
                                         clknet_0_clk (net)
                  0.11    0.03    0.32 ^ clkbuf_1_0_0_clk/A (sg13g2_buf_16)
     2    0.15    0.05    0.12    0.45 ^ clkbuf_1_0_0_clk/X (sg13g2_buf_16)
                                         clknet_1_0_0_clk (net)
                  0.06    0.01    0.46 ^ clkbuf_2_0_0_clk/A (sg13g2_buf_16)
     4    0.22    0.07    0.11    0.57 ^ clkbuf_2_0_0_clk/X (sg13g2_buf_16)
                                         clknet_2_0_0_clk (net)
                  0.09    0.03    0.60 ^ clkbuf_4_3_0_clk/A (sg13g2_buf_16)
    16    0.49    0.13    0.16    0.76 ^ clkbuf_4_3_0_clk/X (sg13g2_buf_16)
                                         clknet_4_3_0_clk (net)
                  0.14    0.03    0.78 ^ clkbuf_8_59_0_clk/A (sg13g2_buf_16)
     2    0.03    0.03    0.11    0.90 ^ clkbuf_8_59_0_clk/X (sg13g2_buf_16)
                                         clknet_8_59_0_clk (net)
                  0.03    0.00    0.90 ^ clkbuf_9_118__f_clk/A (sg13g2_buf_8)
     4    0.09    0.06    0.09    0.99 ^ clkbuf_9_118__f_clk/X (sg13g2_buf_8)
                                         clknet_9_118__leaf_clk (net)
                  0.06    0.00    0.99 ^ clkbuf_leaf_830_clk/A (sg13g2_buf_16)
     8    0.03    0.02    0.08    1.07 ^ clkbuf_leaf_830_clk/X (sg13g2_buf_16)
                                         clknet_leaf_830_clk (net)
                  0.02    0.00    1.07 ^ mac_array_instance/inst_q[3]$_DFF_P_/CLK (sg13g2_dfrbp_1)
     3    0.02    0.07    0.23    1.30 v mac_array_instance/inst_q[3]$_DFF_P_/Q (sg13g2_dfrbp_1)
                                         mac_array_instance/inst_q[3] (net)
                  0.07    0.00    1.30 v mac_array_instance/inst_q[5]$_DFF_P_/D (sg13g2_dfrbp_1)
                                  1.30   data arrival time

                          0.00    0.00   clock core_clock (rise edge)
                          0.00    0.00   clock source latency
     1    0.26    0.00    0.00    0.00 ^ clk (in)
                                         clk (net)
                  0.23    0.11    0.11 ^ clkbuf_0_clk/A (sg13g2_buf_8)
     2    0.16    0.10    0.18    0.29 ^ clkbuf_0_clk/X (sg13g2_buf_8)
                                         clknet_0_clk (net)
                  0.11    0.03    0.32 ^ clkbuf_1_0_0_clk/A (sg13g2_buf_16)
     2    0.15    0.05    0.12    0.45 ^ clkbuf_1_0_0_clk/X (sg13g2_buf_16)
                                         clknet_1_0_0_clk (net)
                  0.06    0.01    0.46 ^ clkbuf_2_0_0_clk/A (sg13g2_buf_16)
     4    0.22    0.07    0.11    0.57 ^ clkbuf_2_0_0_clk/X (sg13g2_buf_16)
                                         clknet_2_0_0_clk (net)
                  0.09    0.03    0.60 ^ clkbuf_4_3_0_clk/A (sg13g2_buf_16)
    16    0.49    0.13    0.16    0.76 ^ clkbuf_4_3_0_clk/X (sg13g2_buf_16)
                                         clknet_4_3_0_clk (net)
                  0.14    0.03    0.78 ^ clkbuf_8_60_0_clk/A (sg13g2_buf_16)
     2    0.04    0.03    0.12    0.90 ^ clkbuf_8_60_0_clk/X (sg13g2_buf_16)
                                         clknet_8_60_0_clk (net)
                  0.03    0.00    0.90 ^ clkbuf_9_121__f_clk/A (sg13g2_buf_8)
     4    0.09    0.05    0.09    0.99 ^ clkbuf_9_121__f_clk/X (sg13g2_buf_8)
                                         clknet_9_121__leaf_clk (net)
                  0.05    0.00    0.99 ^ clkbuf_leaf_517_clk/A (sg13g2_buf_16)
     8    0.03    0.02    0.08    1.07 ^ clkbuf_leaf_517_clk/X (sg13g2_buf_16)
                                         clknet_leaf_517_clk (net)
                  0.02    0.00    1.08 ^ mac_array_instance/inst_q[5]$_DFF_P_/CLK (sg13g2_dfrbp_1)
                          0.00    1.08   clock reconvergence pessimism
                         -0.05    1.03   library hold time
                                  1.03   data required time
-----------------------------------------------------------------------------
                                  1.03   data required time
                                 -1.30   data arrival time
-----------------------------------------------------------------------------
                                  0.28   slack (MET)



==========================================================================
finish report_checks -path_delay max
--------------------------------------------------------------------------
Startpoint: ofifo_instance/col_num[1].fifo_instance/rd_ptr[0]$_SDFFE_PP0P_
            (rising edge-triggered flip-flop clocked by core_clock)
Endpoint: ofifo_valid (output port clocked by core_clock)
Path Group: core_clock
Path Type: max

Fanout     Cap    Slew   Delay    Time   Description
-----------------------------------------------------------------------------
                          0.00    0.00   clock core_clock (rise edge)
                          0.00    0.00   clock source latency
     1    0.26    0.00    0.00    0.00 ^ clk (in)
                                         clk (net)
                  0.23    0.11    0.11 ^ clkbuf_0_clk/A (sg13g2_buf_8)
     2    0.16    0.10    0.18    0.29 ^ clkbuf_0_clk/X (sg13g2_buf_8)
                                         clknet_0_clk (net)
                  0.11    0.03    0.32 ^ clkbuf_1_0_0_clk/A (sg13g2_buf_16)
     2    0.15    0.05    0.12    0.45 ^ clkbuf_1_0_0_clk/X (sg13g2_buf_16)
                                         clknet_1_0_0_clk (net)
                  0.06    0.01    0.46 ^ clkbuf_2_0_0_clk/A (sg13g2_buf_16)
     4    0.22    0.07    0.11    0.57 ^ clkbuf_2_0_0_clk/X (sg13g2_buf_16)
                                         clknet_2_0_0_clk (net)
                  0.07    0.01    0.58 ^ clkbuf_4_1_0_clk/A (sg13g2_buf_16)
    16    0.47    0.11    0.14    0.72 ^ clkbuf_4_1_0_clk/X (sg13g2_buf_16)
                                         clknet_4_1_0_clk (net)
                  0.14    0.04    0.76 ^ clkbuf_8_17_0_clk/A (sg13g2_buf_16)
     2    0.02    0.03    0.11    0.87 ^ clkbuf_8_17_0_clk/X (sg13g2_buf_16)
                                         clknet_8_17_0_clk (net)
                  0.03    0.00    0.87 ^ clkbuf_9_35__f_clk/A (sg13g2_buf_8)
     4    0.09    0.06    0.09    0.96 ^ clkbuf_9_35__f_clk/X (sg13g2_buf_8)
                                         clknet_9_35__leaf_clk (net)
                  0.06    0.00    0.97 ^ clkbuf_leaf_133_clk/A (sg13g2_buf_16)
     3    0.03    0.02    0.08    1.05 ^ clkbuf_leaf_133_clk/X (sg13g2_buf_16)
                                         clknet_leaf_133_clk (net)
                  0.02    0.00    1.05 ^ ofifo_instance/col_num[1].fifo_instance/rd_ptr[0]$_SDFFE_PP0P_/CLK (sg13g2_dfrbp_1)
     1    0.00    0.03    0.21    1.26 ^ ofifo_instance/col_num[1].fifo_instance/rd_ptr[0]$_SDFFE_PP0P_/Q (sg13g2_dfrbp_1)
                                         ofifo_instance/col_num[1].fifo_instance/rd_ptr[0] (net)
                  0.03    0.00    1.26 ^ fanout6924/A (sg13g2_buf_2)
     5    0.07    0.15    0.16    1.42 ^ fanout6924/X (sg13g2_buf_2)
                                         net6948 (net)
                  0.15    0.00    1.42 ^ fanout6921/A (sg13g2_buf_4)
     8    0.10    0.11    0.21    1.63 ^ fanout6921/X (sg13g2_buf_4)
                                         net6945 (net)
                  0.11    0.01    1.64 ^ ofifo_instance/col_num[1].fifo_instance/_2514_/A (sg13g2_buf_1)
     5    0.02    0.10    0.16    1.79 ^ ofifo_instance/col_num[1].fifo_instance/_2514_/X (sg13g2_buf_1)
                                         ofifo_instance/col_num[1].fifo_instance/_1058_ (net)
                  0.10    0.00    1.80 ^ ofifo_instance/col_num[1].fifo_instance/_2515_/B (sg13g2_xor2_1)
     1    0.01    0.08    0.14    1.94 ^ ofifo_instance/col_num[1].fifo_instance/_2515_/X (sg13g2_xor2_1)
                                         ofifo_instance/col_num[1].fifo_instance/_1059_ (net)
                  0.08    0.00    1.94 ^ ofifo_instance/col_num[1].fifo_instance/_2520_/B (sg13g2_nor4_2)
     2    0.02    0.06    0.08    2.02 v ofifo_instance/col_num[1].fifo_instance/_2520_/Y (sg13g2_nor4_2)
                                         ofifo_instance/col_num[1].fifo_instance/_1064_ (net)
                  0.06    0.00    2.02 v ofifo_instance/col_num[1].fifo_instance/_2521_/A (sg13g2_buf_8)
     3    0.01    0.02    0.08    2.10 v ofifo_instance/col_num[1].fifo_instance/_2521_/X (sg13g2_buf_8)
                                         ofifo_instance/col_num[1].fifo_instance/_1065_ (net)
                  0.02    0.00    2.10 v fanout5340/A (sg13g2_buf_2)
     8    0.03    0.06    0.10    2.20 v fanout5340/X (sg13g2_buf_2)
                                         net5364 (net)
                  0.06    0.00    2.20 v ofifo_instance/col_num[1].fifo_instance/_2530_/A (sg13g2_and2_1)
     1    0.06    0.18    0.20    2.41 v ofifo_instance/col_num[1].fifo_instance/_2530_/X (sg13g2_and2_1)
                                         ofifo_instance/empty[1] (net)
                  0.18    0.01    2.41 v ofifo_instance/_17_/A (sg13g2_nor4_2)
     1    0.15    1.29    1.03    3.45 ^ ofifo_instance/_17_/Y (sg13g2_nor4_2)
                                         ofifo_instance/_06_ (net)
                  1.29    0.04    3.49 ^ ofifo_instance/_18_/B (sg13g2_and2_2)
     1    0.23    0.48    0.61    4.10 ^ ofifo_instance/_18_/X (sg13g2_and2_2)
                                         net86 (net)
                  0.53    0.11    4.21 ^ output62/A (sg13g2_buf_1)
     1    0.00    0.04    0.16    4.38 ^ output62/X (sg13g2_buf_1)
                                         ofifo_valid (net)
                  0.04    0.00    4.38 ^ ofifo_valid (out)
                                  4.38   data arrival time

                         10.00   10.00   clock core_clock (rise edge)
                          0.00   10.00   clock network delay (propagated)
                          0.00   10.00   clock reconvergence pessimism
                         -2.00    8.00   output external delay
                                  8.00   data required time
-----------------------------------------------------------------------------
                                  8.00   data required time
                                 -4.38   data arrival time
-----------------------------------------------------------------------------
                                  3.62   slack (MET)



==========================================================================
finish report_checks -unconstrained
--------------------------------------------------------------------------
Startpoint: ofifo_instance/col_num[1].fifo_instance/rd_ptr[0]$_SDFFE_PP0P_
            (rising edge-triggered flip-flop clocked by core_clock)
Endpoint: ofifo_valid (output port clocked by core_clock)
Path Group: core_clock
Path Type: max

Fanout     Cap    Slew   Delay    Time   Description
-----------------------------------------------------------------------------
                          0.00    0.00   clock core_clock (rise edge)
                          0.00    0.00   clock source latency
     1    0.26    0.00    0.00    0.00 ^ clk (in)
                                         clk (net)
                  0.23    0.11    0.11 ^ clkbuf_0_clk/A (sg13g2_buf_8)
     2    0.16    0.10    0.18    0.29 ^ clkbuf_0_clk/X (sg13g2_buf_8)
                                         clknet_0_clk (net)
                  0.11    0.03    0.32 ^ clkbuf_1_0_0_clk/A (sg13g2_buf_16)
     2    0.15    0.05    0.12    0.45 ^ clkbuf_1_0_0_clk/X (sg13g2_buf_16)
                                         clknet_1_0_0_clk (net)
                  0.06    0.01    0.46 ^ clkbuf_2_0_0_clk/A (sg13g2_buf_16)
     4    0.22    0.07    0.11    0.57 ^ clkbuf_2_0_0_clk/X (sg13g2_buf_16)
                                         clknet_2_0_0_clk (net)
                  0.07    0.01    0.58 ^ clkbuf_4_1_0_clk/A (sg13g2_buf_16)
    16    0.47    0.11    0.14    0.72 ^ clkbuf_4_1_0_clk/X (sg13g2_buf_16)
                                         clknet_4_1_0_clk (net)
                  0.14    0.04    0.76 ^ clkbuf_8_17_0_clk/A (sg13g2_buf_16)
     2    0.02    0.03    0.11    0.87 ^ clkbuf_8_17_0_clk/X (sg13g2_buf_16)
                                         clknet_8_17_0_clk (net)
                  0.03    0.00    0.87 ^ clkbuf_9_35__f_clk/A (sg13g2_buf_8)
     4    0.09    0.06    0.09    0.96 ^ clkbuf_9_35__f_clk/X (sg13g2_buf_8)
                                         clknet_9_35__leaf_clk (net)
                  0.06    0.00    0.97 ^ clkbuf_leaf_133_clk/A (sg13g2_buf_16)
     3    0.03    0.02    0.08    1.05 ^ clkbuf_leaf_133_clk/X (sg13g2_buf_16)
                                         clknet_leaf_133_clk (net)
                  0.02    0.00    1.05 ^ ofifo_instance/col_num[1].fifo_instance/rd_ptr[0]$_SDFFE_PP0P_/CLK (sg13g2_dfrbp_1)
     1    0.00    0.03    0.21    1.26 ^ ofifo_instance/col_num[1].fifo_instance/rd_ptr[0]$_SDFFE_PP0P_/Q (sg13g2_dfrbp_1)
                                         ofifo_instance/col_num[1].fifo_instance/rd_ptr[0] (net)
                  0.03    0.00    1.26 ^ fanout6924/A (sg13g2_buf_2)
     5    0.07    0.15    0.16    1.42 ^ fanout6924/X (sg13g2_buf_2)
                                         net6948 (net)
                  0.15    0.00    1.42 ^ fanout6921/A (sg13g2_buf_4)
     8    0.10    0.11    0.21    1.63 ^ fanout6921/X (sg13g2_buf_4)
                                         net6945 (net)
                  0.11    0.01    1.64 ^ ofifo_instance/col_num[1].fifo_instance/_2514_/A (sg13g2_buf_1)
     5    0.02    0.10    0.16    1.79 ^ ofifo_instance/col_num[1].fifo_instance/_2514_/X (sg13g2_buf_1)
                                         ofifo_instance/col_num[1].fifo_instance/_1058_ (net)
                  0.10    0.00    1.80 ^ ofifo_instance/col_num[1].fifo_instance/_2515_/B (sg13g2_xor2_1)
     1    0.01    0.08    0.14    1.94 ^ ofifo_instance/col_num[1].fifo_instance/_2515_/X (sg13g2_xor2_1)
                                         ofifo_instance/col_num[1].fifo_instance/_1059_ (net)
                  0.08    0.00    1.94 ^ ofifo_instance/col_num[1].fifo_instance/_2520_/B (sg13g2_nor4_2)
     2    0.02    0.06    0.08    2.02 v ofifo_instance/col_num[1].fifo_instance/_2520_/Y (sg13g2_nor4_2)
                                         ofifo_instance/col_num[1].fifo_instance/_1064_ (net)
                  0.06    0.00    2.02 v ofifo_instance/col_num[1].fifo_instance/_2521_/A (sg13g2_buf_8)
     3    0.01    0.02    0.08    2.10 v ofifo_instance/col_num[1].fifo_instance/_2521_/X (sg13g2_buf_8)
                                         ofifo_instance/col_num[1].fifo_instance/_1065_ (net)
                  0.02    0.00    2.10 v fanout5340/A (sg13g2_buf_2)
     8    0.03    0.06    0.10    2.20 v fanout5340/X (sg13g2_buf_2)
                                         net5364 (net)
                  0.06    0.00    2.20 v ofifo_instance/col_num[1].fifo_instance/_2530_/A (sg13g2_and2_1)
     1    0.06    0.18    0.20    2.41 v ofifo_instance/col_num[1].fifo_instance/_2530_/X (sg13g2_and2_1)
                                         ofifo_instance/empty[1] (net)
                  0.18    0.01    2.41 v ofifo_instance/_17_/A (sg13g2_nor4_2)
     1    0.15    1.29    1.03    3.45 ^ ofifo_instance/_17_/Y (sg13g2_nor4_2)
                                         ofifo_instance/_06_ (net)
                  1.29    0.04    3.49 ^ ofifo_instance/_18_/B (sg13g2_and2_2)
     1    0.23    0.48    0.61    4.10 ^ ofifo_instance/_18_/X (sg13g2_and2_2)
                                         net86 (net)
                  0.53    0.11    4.21 ^ output62/A (sg13g2_buf_1)
     1    0.00    0.04    0.16    4.38 ^ output62/X (sg13g2_buf_1)
                                         ofifo_valid (net)
                  0.04    0.00    4.38 ^ ofifo_valid (out)
                                  4.38   data arrival time

                         10.00   10.00   clock core_clock (rise edge)
                          0.00   10.00   clock network delay (propagated)
                          0.00   10.00   clock reconvergence pessimism
                         -2.00    8.00   output external delay
                                  8.00   data required time
-----------------------------------------------------------------------------
                                  8.00   data required time
                                 -4.38   data arrival time
-----------------------------------------------------------------------------
                                  3.62   slack (MET)



==========================================================================
finish report_check_types -max_slew -max_cap -max_fanout -violators
--------------------------------------------------------------------------
max slew

Pin                                    Limit    Slew   Slack
------------------------------------------------------------
xmem_instance/gen_512x32[1].i_cut/A_MEN    0.48    1.38   -0.90 (VIOLATED)
xmem_instance/gen_512x32[0].i_cut/A_MEN    0.48    1.35   -0.87 (VIOLATED)
xmem_instance/gen_512x32[3].i_cut/A_MEN    0.48    1.14   -0.66 (VIOLATED)
xmem_instance/gen_512x32[0].i_cut/A_DIN[25]    0.48    1.10   -0.63 (VIOLATED)
xmem_instance/gen_512x32[0].i_cut/A_DIN[26]    0.48    1.08   -0.60 (VIOLATED)
xmem_instance/gen_512x32[0].i_cut/A_DIN[30]    0.48    1.08   -0.60 (VIOLATED)
xmem_instance/gen_512x32[0].i_cut/A_DIN[28]    0.48    1.07   -0.59 (VIOLATED)
xmem_instance/gen_512x32[0].i_cut/A_DIN[27]    0.48    1.05   -0.58 (VIOLATED)
xmem_instance/gen_512x32[0].i_cut/A_DIN[22]    0.48    1.04   -0.56 (VIOLATED)
xmem_instance/gen_512x32[2].i_cut/A_DIN[30]    0.48    1.02   -0.54 (VIOLATED)
xmem_instance/gen_512x32[0].i_cut/A_DIN[15]    0.48    1.01   -0.53 (VIOLATED)
xmem_instance/gen_512x32[0].i_cut/A_DIN[7]    0.48    1.01   -0.53 (VIOLATED)
xmem_instance/gen_512x32[0].i_cut/A_DIN[11]    0.48    1.01   -0.53 (VIOLATED)
xmem_instance/gen_512x32[0].i_cut/A_DIN[24]    0.48    1.00   -0.53 (VIOLATED)
xmem_instance/gen_512x32[2].i_cut/A_DIN[25]    0.48    1.00   -0.53 (VIOLATED)
xmem_instance/gen_512x32[2].i_cut/A_DIN[26]    0.48    1.00   -0.52 (VIOLATED)
xmem_instance/gen_512x32[2].i_cut/A_DIN[15]    0.48    0.99   -0.51 (VIOLATED)
xmem_instance/gen_512x32[0].i_cut/A_DIN[9]    0.48    0.99   -0.51 (VIOLATED)
xmem_instance/gen_512x32[2].i_cut/A_DIN[7]    0.48    0.99   -0.51 (VIOLATED)
xmem_instance/gen_512x32[2].i_cut/A_DIN[27]    0.48    0.99   -0.51 (VIOLATED)
xmem_instance/gen_512x32[2].i_cut/A_DIN[11]    0.48    0.98   -0.51 (VIOLATED)
xmem_instance/gen_512x32[0].i_cut/A_DIN[29]    0.48    0.98   -0.51 (VIOLATED)
xmem_instance/gen_512x32[2].i_cut/A_DIN[28]    0.48    0.98   -0.51 (VIOLATED)
xmem_instance/gen_512x32[0].i_cut/A_DIN[8]    0.48    0.98   -0.50 (VIOLATED)
xmem_instance/gen_512x32[0].i_cut/A_DIN[10]    0.48    0.97   -0.49 (VIOLATED)
xmem_instance/gen_512x32[2].i_cut/A_DIN[9]    0.48    0.97   -0.49 (VIOLATED)
pmem_instance/gen_2048x64[1].i_cut/A_ADDR[7]    0.48    0.96   -0.49 (VIOLATED)
xmem_instance/gen_512x32[3].i_cut/A_DIN[7]    0.48    0.96   -0.49 (VIOLATED)
xmem_instance/gen_512x32[3].i_cut/A_DIN[15]    0.48    0.96   -0.49 (VIOLATED)
xmem_instance/gen_512x32[2].i_cut/A_DIN[24]    0.48    0.96   -0.48 (VIOLATED)
xmem_instance/gen_512x32[3].i_cut/A_DIN[11]    0.48    0.96   -0.48 (VIOLATED)
xmem_instance/gen_512x32[2].i_cut/A_DIN[22]    0.48    0.95   -0.48 (VIOLATED)
xmem_instance/gen_512x32[0].i_cut/A_ADDR[4]    0.48    0.95   -0.48 (VIOLATED)
xmem_instance/gen_512x32[2].i_cut/A_DIN[8]    0.48    0.95   -0.47 (VIOLATED)
xmem_instance/gen_512x32[0].i_cut/A_DIN[20]    0.48    0.94   -0.47 (VIOLATED)
xmem_instance/gen_512x32[1].i_cut/A_DIN[11]    0.48    0.94   -0.46 (VIOLATED)
xmem_instance/gen_512x32[2].i_cut/A_DIN[29]    0.48    0.94   -0.46 (VIOLATED)
pmem_instance/gen_2048x64[1].i_cut/A_ADDR[2]    0.48    0.94   -0.46 (VIOLATED)
xmem_instance/gen_512x32[1].i_cut/A_DIN[15]    0.48    0.93   -0.46 (VIOLATED)
xmem_instance/gen_512x32[2].i_cut/A_DIN[10]    0.48    0.93   -0.46 (VIOLATED)
xmem_instance/gen_512x32[3].i_cut/A_DIN[9]    0.48    0.93   -0.46 (VIOLATED)
xmem_instance/gen_512x32[0].i_cut/A_DIN[14]    0.48    0.93   -0.45 (VIOLATED)
xmem_instance/gen_512x32[0].i_cut/A_DIN[16]    0.48    0.93   -0.45 (VIOLATED)
xmem_instance/gen_512x32[0].i_cut/A_DIN[12]    0.48    0.92   -0.45 (VIOLATED)
xmem_instance/gen_512x32[0].i_cut/A_DIN[19]    0.48    0.92   -0.45 (VIOLATED)
xmem_instance/gen_512x32[0].i_cut/A_DIN[3]    0.48    0.92   -0.44 (VIOLATED)
xmem_instance/gen_512x32[0].i_cut/A_DIN[5]    0.48    0.91   -0.44 (VIOLATED)
xmem_instance/gen_512x32[3].i_cut/A_DIN[8]    0.48    0.91   -0.44 (VIOLATED)
xmem_instance/gen_512x32[3].i_cut/A_DIN[10]    0.48    0.91   -0.43 (VIOLATED)
xmem_instance/gen_512x32[0].i_cut/A_DIN[23]    0.48    0.90   -0.43 (VIOLATED)
xmem_instance/gen_512x32[2].i_cut/A_DIN[14]    0.48    0.90   -0.42 (VIOLATED)
xmem_instance/gen_512x32[2].i_cut/A_DIN[3]    0.48    0.90   -0.42 (VIOLATED)
xmem_instance/gen_512x32[2].i_cut/A_DIN[12]    0.48    0.90   -0.42 (VIOLATED)
xmem_instance/gen_512x32[1].i_cut/A_DIN[7]    0.48    0.90   -0.42 (VIOLATED)
pmem_instance/gen_2048x64[0].i_cut/A_ADDR[7]    0.48    0.89   -0.42 (VIOLATED)
xmem_instance/gen_512x32[0].i_cut/A_DIN[21]    0.48    0.89   -0.42 (VIOLATED)
xmem_instance/gen_512x32[2].i_cut/A_DIN[5]    0.48    0.89   -0.42 (VIOLATED)
xmem_instance/gen_512x32[1].i_cut/A_DIN[10]    0.48    0.89   -0.41 (VIOLATED)
xmem_instance/gen_512x32[3].i_cut/A_DIN[3]    0.48    0.89   -0.41 (VIOLATED)
xmem_instance/gen_512x32[0].i_cut/A_DIN[13]    0.48    0.89   -0.41 (VIOLATED)
pmem_instance/gen_2048x64[1].i_cut/A_ADDR[1]    0.48    0.89   -0.41 (VIOLATED)
xmem_instance/gen_512x32[0].i_cut/A_ADDR[5]    0.48    0.89   -0.41 (VIOLATED)
xmem_instance/gen_512x32[3].i_cut/A_DIN[5]    0.48    0.88   -0.40 (VIOLATED)
xmem_instance/gen_512x32[1].i_cut/A_DIN[9]    0.48    0.88   -0.40 (VIOLATED)
pmem_instance/gen_2048x64[0].i_cut/A_ADDR[2]    0.48    0.88   -0.40 (VIOLATED)
xmem_instance/gen_512x32[2].i_cut/A_ADDR[4]    0.48    0.88   -0.40 (VIOLATED)
xmem_instance/gen_512x32[0].i_cut/A_ADDR[1]    0.48    0.87   -0.39 (VIOLATED)
pmem_instance/gen_2048x64[1].i_cut/A_ADDR[0]    0.48    0.87   -0.39 (VIOLATED)
xmem_instance/gen_512x32[2].i_cut/A_DIN[20]    0.48    0.87   -0.39 (VIOLATED)
xmem_instance/gen_512x32[3].i_cut/A_DIN[12]    0.48    0.87   -0.39 (VIOLATED)
xmem_instance/gen_512x32[0].i_cut/A_DIN[2]    0.48    0.86   -0.38 (VIOLATED)
xmem_instance/gen_512x32[3].i_cut/A_DIN[14]    0.48    0.86   -0.38 (VIOLATED)
xmem_instance/gen_512x32[2].i_cut/A_DIN[13]    0.48    0.86   -0.38 (VIOLATED)
xmem_instance/gen_512x32[0].i_cut/A_DIN[17]    0.48    0.86   -0.38 (VIOLATED)
xmem_instance/gen_512x32[2].i_cut/A_MEN    0.48    0.86   -0.38 (VIOLATED)
xmem_instance/gen_512x32[0].i_cut/A_DIN[6]    0.48    0.85   -0.38 (VIOLATED)
xmem_instance/gen_512x32[2].i_cut/A_DIN[19]    0.48    0.85   -0.38 (VIOLATED)
xmem_instance/gen_512x32[1].i_cut/A_DIN[5]    0.48    0.85   -0.38 (VIOLATED)
xmem_instance/gen_512x32[1].i_cut/A_DIN[8]    0.48    0.85   -0.38 (VIOLATED)
xmem_instance/gen_512x32[1].i_cut/A_DIN[12]    0.48    0.85   -0.37 (VIOLATED)
xmem_instance/gen_512x32[1].i_cut/A_WEN    0.48    0.85   -0.37 (VIOLATED)
xmem_instance/gen_512x32[1].i_cut/A_DIN[3]    0.48    0.85   -0.37 (VIOLATED)
xmem_instance/gen_512x32[0].i_cut/A_ADDR[2]    0.48    0.85   -0.37 (VIOLATED)
xmem_instance/gen_512x32[2].i_cut/A_DIN[21]    0.48    0.84   -0.37 (VIOLATED)
xmem_instance/gen_512x32[2].i_cut/A_DIN[2]    0.48    0.84   -0.37 (VIOLATED)
xmem_instance/gen_512x32[3].i_cut/A_WEN    0.48    0.84   -0.36 (VIOLATED)
xmem_instance/gen_512x32[2].i_cut/A_DIN[6]    0.48    0.84   -0.36 (VIOLATED)
xmem_instance/gen_512x32[1].i_cut/A_DIN[14]    0.48    0.84   -0.36 (VIOLATED)
xmem_instance/gen_512x32[3].i_cut/A_DIN[2]    0.48    0.83   -0.36 (VIOLATED)
xmem_instance/gen_512x32[2].i_cut/A_DIN[16]    0.48    0.83   -0.36 (VIOLATED)
xmem_instance/gen_512x32[2].i_cut/A_ADDR[1]    0.48    0.83   -0.36 (VIOLATED)
xmem_instance/gen_512x32[0].i_cut/A_DIN[4]    0.48    0.83   -0.35 (VIOLATED)
pmem_instance/gen_2048x64[0].i_cut/A_ADDR[1]    0.48    0.83   -0.35 (VIOLATED)
pmem_instance/gen_2048x64[1].i_cut/A_ADDR[3]    0.48    0.82   -0.35 (VIOLATED)
xmem_instance/gen_512x32[2].i_cut/A_DIN[23]    0.48    0.82   -0.35 (VIOLATED)
xmem_instance/gen_512x32[3].i_cut/A_DIN[6]    0.48    0.82   -0.35 (VIOLATED)
xmem_instance/gen_512x32[0].i_cut/A_DIN[1]    0.48    0.82   -0.34 (VIOLATED)
xmem_instance/gen_512x32[3].i_cut/A_DIN[13]    0.48    0.82   -0.34 (VIOLATED)
xmem_instance/gen_512x32[2].i_cut/A_WEN    0.48    0.81   -0.34 (VIOLATED)
xmem_instance/gen_512x32[2].i_cut/A_DIN[4]    0.48    0.81   -0.34 (VIOLATED)
xmem_instance/gen_512x32[2].i_cut/A_ADDR[5]    0.48    0.81   -0.33 (VIOLATED)
pmem_instance/gen_2048x64[1].i_cut/A_ADDR[4]    0.48    0.81   -0.33 (VIOLATED)
xmem_instance/gen_512x32[3].i_cut/A_DIN[4]    0.48    0.80   -0.33 (VIOLATED)
pmem_instance/gen_2048x64[0].i_cut/A_ADDR[0]    0.48    0.80   -0.33 (VIOLATED)
xmem_instance/gen_512x32[0].i_cut/A_ADDR[8]    0.48    0.80   -0.32 (VIOLATED)
xmem_instance/gen_512x32[1].i_cut/A_DIN[13]    0.48    0.80   -0.32 (VIOLATED)
xmem_instance/gen_512x32[2].i_cut/A_DIN[1]    0.48    0.80   -0.32 (VIOLATED)
xmem_instance/gen_512x32[1].i_cut/A_DIN[2]    0.48    0.80   -0.32 (VIOLATED)
xmem_instance/gen_512x32[0].i_cut/A_WEN    0.48    0.80   -0.32 (VIOLATED)
xmem_instance/gen_512x32[1].i_cut/A_DIN[6]    0.48    0.79   -0.31 (VIOLATED)
xmem_instance/gen_512x32[3].i_cut/A_DIN[1]    0.48    0.79   -0.31 (VIOLATED)
pmem_instance/gen_2048x64[1].i_cut/A_ADDR[6]    0.48    0.78   -0.31 (VIOLATED)
pmem_instance/gen_2048x64[0].i_cut/A_ADDR[3]    0.48    0.78   -0.30 (VIOLATED)
pmem_instance/gen_2048x64[1].i_cut/A_REN    0.48    0.78   -0.30 (VIOLATED)
pmem_instance/gen_2048x64[0].i_cut/A_ADDR[4]    0.48    0.78   -0.30 (VIOLATED)
xmem_instance/gen_512x32[2].i_cut/A_DIN[17]    0.48    0.78   -0.30 (VIOLATED)
xmem_instance/gen_512x32[2].i_cut/A_ADDR[2]    0.48    0.77   -0.30 (VIOLATED)
xmem_instance/gen_512x32[1].i_cut/A_DIN[4]    0.48    0.77   -0.29 (VIOLATED)
xmem_instance/gen_512x32[3].i_cut/A_DIN[30]    0.48    0.77   -0.29 (VIOLATED)
xmem_instance/gen_512x32[0].i_cut/A_DIN[18]    0.48    0.77   -0.29 (VIOLATED)
xmem_instance/gen_512x32[3].i_cut/A_DIN[22]    0.48    0.76   -0.28 (VIOLATED)
xmem_instance/gen_512x32[3].i_cut/A_DIN[25]    0.48    0.76   -0.28 (VIOLATED)
xmem_instance/gen_512x32[3].i_cut/A_DIN[26]    0.48    0.75   -0.27 (VIOLATED)
xmem_instance/gen_512x32[0].i_cut/A_DIN[0]    0.48    0.75   -0.27 (VIOLATED)
xmem_instance/gen_512x32[3].i_cut/A_DIN[28]    0.48    0.75   -0.27 (VIOLATED)
xmem_instance/gen_512x32[0].i_cut/A_ADDR[0]    0.48    0.75   -0.27 (VIOLATED)
xmem_instance/gen_512x32[0].i_cut/A_ADDR[6]    0.48    0.74   -0.27 (VIOLATED)
xmem_instance/gen_512x32[1].i_cut/A_DIN[1]    0.48    0.74   -0.27 (VIOLATED)
pmem_instance/gen_2048x64[1].i_cut/A_ADDR[9]    0.48    0.74   -0.27 (VIOLATED)
xmem_instance/gen_512x32[3].i_cut/A_DIN[29]    0.48    0.74   -0.26 (VIOLATED)
pmem_instance/gen_2048x64[1].i_cut/A_DIN[21]    0.48    0.73   -0.26 (VIOLATED)
xmem_instance/gen_512x32[3].i_cut/A_ADDR[1]    0.48    0.73   -0.26 (VIOLATED)
xmem_instance/gen_512x32[2].i_cut/A_DIN[0]    0.48    0.73   -0.25 (VIOLATED)
pmem_instance/gen_2048x64[1].i_cut/A_DIN[37]    0.48    0.73   -0.25 (VIOLATED)
xmem_instance/gen_512x32[3].i_cut/A_DIN[0]    0.48    0.72   -0.25 (VIOLATED)
xmem_instance/gen_512x32[3].i_cut/A_DIN[27]    0.48    0.72   -0.24 (VIOLATED)
xmem_instance/gen_512x32[3].i_cut/A_DIN[20]    0.48    0.72   -0.24 (VIOLATED)
xmem_instance/gen_512x32[2].i_cut/A_ADDR[8]    0.48    0.72   -0.24 (VIOLATED)
xmem_instance/gen_512x32[2].i_cut/A_DIN[18]    0.48    0.72   -0.24 (VIOLATED)
xmem_instance/gen_512x32[3].i_cut/A_ADDR[4]    0.48    0.71   -0.23 (VIOLATED)
pmem_instance/gen_2048x64[1].i_cut/A_DIN[24]    0.48    0.71   -0.23 (VIOLATED)
xmem_instance/gen_512x32[1].i_cut/A_DIN[0]    0.48    0.71   -0.23 (VIOLATED)
pmem_instance/gen_2048x64[1].i_cut/A_ADDR[10]    0.48    0.70   -0.23 (VIOLATED)
pmem_instance/gen_2048x64[0].i_cut/A_REN    0.48    0.70   -0.23 (VIOLATED)
xmem_instance/gen_512x32[3].i_cut/A_DIN[24]    0.48    0.70   -0.23 (VIOLATED)
xmem_instance/gen_512x32[3].i_cut/A_DIN[23]    0.48    0.69   -0.22 (VIOLATED)
xmem_instance/gen_512x32[0].i_cut/A_DIN[31]    0.48    0.69   -0.22 (VIOLATED)
pmem_instance/gen_2048x64[0].i_cut/A_ADDR[9]    0.48    0.69   -0.21 (VIOLATED)
xmem_instance/gen_512x32[2].i_cut/A_ADDR[6]    0.48    0.68   -0.21 (VIOLATED)
xmem_instance/gen_512x32[0].i_cut/A_ADDR[3]    0.48    0.68   -0.21 (VIOLATED)
xmem_instance/gen_512x32[3].i_cut/A_DIN[21]    0.48    0.68   -0.21 (VIOLATED)
xmem_instance/gen_512x32[1].i_cut/A_DIN[22]    0.48    0.68   -0.20 (VIOLATED)
xmem_instance/gen_512x32[2].i_cut/A_ADDR[0]    0.48    0.67   -0.20 (VIOLATED)
xmem_instance/gen_512x32[2].i_cut/A_DIN[31]    0.48    0.67   -0.19 (VIOLATED)
xmem_instance/gen_512x32[3].i_cut/A_DIN[19]    0.48    0.67   -0.19 (VIOLATED)
xmem_instance/gen_512x32[3].i_cut/A_DIN[16]    0.48    0.67   -0.19 (VIOLATED)
pmem_instance/gen_2048x64[0].i_cut/A_ADDR[10]    0.48    0.66   -0.18 (VIOLATED)
pmem_instance/gen_2048x64[1].i_cut/A_DIN[23]    0.48    0.65   -0.18 (VIOLATED)
xmem_instance/gen_512x32[3].i_cut/A_ADDR[2]    0.48    0.65   -0.17 (VIOLATED)
xmem_instance/gen_512x32[1].i_cut/A_DIN[25]    0.48    0.64   -0.17 (VIOLATED)
xmem_instance/gen_512x32[3].i_cut/A_ADDR[5]    0.48    0.64   -0.17 (VIOLATED)
pmem_instance/gen_2048x64[0].i_cut/A_WEN    0.48    0.64   -0.16 (VIOLATED)
xmem_instance/gen_512x32[1].i_cut/A_DIN[29]    0.48    0.63   -0.16 (VIOLATED)
pmem_instance/gen_2048x64[0].i_cut/A_ADDR[6]    0.48    0.63   -0.15 (VIOLATED)
xmem_instance/gen_512x32[1].i_cut/A_DIN[26]    0.48    0.63   -0.15 (VIOLATED)
xmem_instance/gen_512x32[2].i_cut/A_ADDR[3]    0.48    0.63   -0.15 (VIOLATED)
pmem_instance/gen_2048x64[1].i_cut/A_DIN[22]    0.48    0.62   -0.15 (VIOLATED)
xmem_instance/gen_512x32[1].i_cut/A_DIN[23]    0.48    0.62   -0.15 (VIOLATED)
pmem_instance/gen_2048x64[0].i_cut/A_MEN    0.48    0.62   -0.15 (VIOLATED)
pmem_instance/gen_2048x64[1].i_cut/A_DIN[46]    0.48    0.62   -0.14 (VIOLATED)
xmem_instance/gen_512x32[1].i_cut/A_DIN[30]    0.48    0.62   -0.14 (VIOLATED)
xmem_instance/gen_512x32[1].i_cut/A_DIN[20]    0.48    0.62   -0.14 (VIOLATED)
xmem_instance/gen_512x32[1].i_cut/A_DIN[21]    0.48    0.61   -0.14 (VIOLATED)
xmem_instance/gen_512x32[1].i_cut/A_DIN[28]    0.48    0.61   -0.13 (VIOLATED)
xmem_instance/gen_512x32[3].i_cut/A_ADDR[6]    0.48    0.61   -0.13 (VIOLATED)
xmem_instance/gen_512x32[1].i_cut/A_DIN[27]    0.48    0.61   -0.13 (VIOLATED)
pmem_instance/gen_2048x64[1].i_cut/A_DIN[15]    0.48    0.60   -0.13 (VIOLATED)
xmem_instance/gen_512x32[3].i_cut/A_DIN[17]    0.48    0.60   -0.13 (VIOLATED)
pmem_instance/gen_2048x64[1].i_cut/A_WEN    0.48    0.60   -0.12 (VIOLATED)
xmem_instance/gen_512x32[3].i_cut/A_ADDR[0]    0.48    0.60   -0.12 (VIOLATED)
xmem_instance/gen_512x32[0].i_cut/A_ADDR[7]    0.48    0.59   -0.12 (VIOLATED)
pmem_instance/gen_2048x64[1].i_cut/A_DIN[40]    0.48    0.59   -0.11 (VIOLATED)
pmem_instance/gen_2048x64[1].i_cut/A_MEN    0.48    0.59   -0.11 (VIOLATED)
xmem_instance/gen_512x32[3].i_cut/A_DIN[18]    0.48    0.58   -0.11 (VIOLATED)
xmem_instance/gen_512x32[3].i_cut/A_ADDR[8]    0.48    0.58   -0.11 (VIOLATED)
xmem_instance/gen_512x32[0].i_cut/A_REN    0.48    0.58   -0.10 (VIOLATED)
xmem_instance/gen_512x32[1].i_cut/A_DIN[19]    0.48    0.57   -0.09 (VIOLATED)
xmem_instance/gen_512x32[1].i_cut/A_DIN[24]    0.48    0.56   -0.09 (VIOLATED)
pmem_instance/gen_2048x64[1].i_cut/A_DIN[41]    0.48    0.56   -0.08 (VIOLATED)
xmem_instance/gen_512x32[3].i_cut/A_ADDR[3]    0.48    0.55   -0.08 (VIOLATED)
xmem_instance/gen_512x32[3].i_cut/A_DIN[31]    0.48    0.55   -0.08 (VIOLATED)
pmem_instance/gen_2048x64[1].i_cut/A_DIN[25]    0.48    0.55   -0.07 (VIOLATED)
xmem_instance/gen_512x32[2].i_cut/A_ADDR[7]    0.48    0.55   -0.07 (VIOLATED)
pmem_instance/gen_2048x64[1].i_cut/A_DIN[20]    0.48    0.54   -0.07 (VIOLATED)
pmem_instance/gen_2048x64[1].i_cut/A_DIN[13]    0.48    0.54   -0.06 (VIOLATED)
xmem_instance/gen_512x32[1].i_cut/A_ADDR[2]    0.48    0.53   -0.06 (VIOLATED)
xmem_instance/gen_512x32[1].i_cut/A_DIN[17]    0.48    0.53   -0.05 (VIOLATED)
xmem_instance/gen_512x32[1].i_cut/A_DIN[16]    0.48    0.53   -0.05 (VIOLATED)
xmem_instance/gen_512x32[1].i_cut/A_ADDR[5]    0.48    0.53   -0.05 (VIOLATED)
xmem_instance/gen_512x32[1].i_cut/A_ADDR[4]    0.48    0.53   -0.05 (VIOLATED)
xmem_instance/gen_512x32[2].i_cut/A_REN    0.48    0.52   -0.05 (VIOLATED)
pmem_instance/gen_2048x64[1].i_cut/A_DIN[42]    0.48    0.52   -0.05 (VIOLATED)
xmem_instance/gen_512x32[1].i_cut/A_DIN[18]    0.48    0.51   -0.03 (VIOLATED)
pmem_instance/gen_2048x64[1].i_cut/A_ADDR[5]    0.48    0.51   -0.03 (VIOLATED)
pmem_instance/gen_2048x64[1].i_cut/A_DIN[28]    0.48    0.50   -0.03 (VIOLATED)
xmem_instance/gen_512x32[1].i_cut/A_ADDR[8]    0.48    0.50   -0.03 (VIOLATED)
xmem_instance/gen_512x32[3].i_cut/A_ADDR[7]    0.48    0.50   -0.03 (VIOLATED)
xmem_instance/gen_512x32[1].i_cut/A_DIN[31]    0.48    0.50   -0.02 (VIOLATED)
pmem_instance/gen_2048x64[1].i_cut/A_DIN[2]    0.48    0.49   -0.02 (VIOLATED)
xmem_instance/gen_512x32[1].i_cut/A_ADDR[6]    0.48    0.49   -0.02 (VIOLATED)
pmem_instance/gen_2048x64[1].i_cut/A_DIN[10]    0.48    0.49   -0.01 (VIOLATED)
pmem_instance/gen_2048x64[1].i_cut/A_DIN[38]    0.48    0.48   -0.01 (VIOLATED)
pmem_instance/gen_2048x64[1].i_cut/A_DIN[39]    0.48    0.48   -0.01 (VIOLATED)
xmem_instance/gen_512x32[1].i_cut/A_ADDR[3]    0.48    0.48   -0.00 (VIOLATED)
pmem_instance/gen_2048x64[1].i_cut/A_ADDR[8]    0.48    0.48   -0.00 (VIOLATED)

max fanout

Pin                                   Limit Fanout  Slack
---------------------------------------------------------
input11/X                                 8     84    -76 (VIOLATED)
input14/X                                 8     84    -76 (VIOLATED)
input15/X                                 8     84    -76 (VIOLATED)
input16/X                                 8     84    -76 (VIOLATED)
input17/X                                 8     84    -76 (VIOLATED)
input18/X                                 8     84    -76 (VIOLATED)
input19/X                                 8     84    -76 (VIOLATED)
input20/X                                 8     84    -76 (VIOLATED)
input21/X                                 8     84    -76 (VIOLATED)
input22/X                                 8     84    -76 (VIOLATED)
input24/X                                 8     84    -76 (VIOLATED)
input35/X                                 8     84    -76 (VIOLATED)
input39/X                                 8     84    -76 (VIOLATED)
input60/X                                 8     84    -76 (VIOLATED)
input8/X                                  8     84    -76 (VIOLATED)
input13/X                                 8     76    -68 (VIOLATED)
input9/X                                  8     68    -60 (VIOLATED)
input10/X                                 8     52    -44 (VIOLATED)
input36/X                                 8     52    -44 (VIOLATED)
l0_instance/row_num[7].fifo_instance/_0791_/X      8     27    -19 (VIOLATED)
input25/X                                 8     20    -12 (VIOLATED)
input52/X                                 8     19    -11 (VIOLATED)
mac_array_instance/row_num[6].mac_row_instance/col_num[3].mac_tile_instance/a_q[3]$_DFFE_PP_/Q      8     18    -10 (VIOLATED)
clkbuf_4_0_0_clk/X                        8     16     -8 (VIOLATED)
clkbuf_4_10_0_clk/X                       8     16     -8 (VIOLATED)
clkbuf_4_11_0_clk/X                       8     16     -8 (VIOLATED)
clkbuf_4_12_0_clk/X                       8     16     -8 (VIOLATED)
clkbuf_4_13_0_clk/X                       8     16     -8 (VIOLATED)
clkbuf_4_14_0_clk/X                       8     16     -8 (VIOLATED)
clkbuf_4_15_0_clk/X                       8     16     -8 (VIOLATED)
clkbuf_4_1_0_clk/X                        8     16     -8 (VIOLATED)
clkbuf_4_2_0_clk/X                        8     16     -8 (VIOLATED)
clkbuf_4_3_0_clk/X                        8     16     -8 (VIOLATED)
clkbuf_4_4_0_clk/X                        8     16     -8 (VIOLATED)
clkbuf_4_5_0_clk/X                        8     16     -8 (VIOLATED)
clkbuf_4_6_0_clk/X                        8     16     -8 (VIOLATED)
clkbuf_4_7_0_clk/X                        8     16     -8 (VIOLATED)
clkbuf_4_8_0_clk/X                        8     16     -8 (VIOLATED)
clkbuf_4_9_0_clk/X                        8     16     -8 (VIOLATED)
_121_/X                                   8     12     -4 (VIOLATED)
mac_array_instance/row_num[1].mac_row_instance/col_num[5].mac_tile_instance/inst_q[0]$_SDFFE_PP0N_/Q      8     10     -2 (VIOLATED)
input61/X                                 8      9        (VIOLATED)

max capacitance

Pin                                    Limit     Cap   Slack
------------------------------------------------------------
xmem_instance/gen_512x32[0].i_cut/A_DOUT[27]    0.00    0.37   -0.37 (VIOLATED)
xmem_instance/gen_512x32[0].i_cut/A_DOUT[20]    0.00    0.33   -0.33 (VIOLATED)
xmem_instance/gen_512x32[0].i_cut/A_DOUT[25]    0.00    0.32   -0.32 (VIOLATED)
xmem_instance/gen_512x32[0].i_cut/A_DOUT[24]    0.00    0.31   -0.31 (VIOLATED)
xmem_instance/gen_512x32[0].i_cut/A_DOUT[26]    0.00    0.31   -0.31 (VIOLATED)
xmem_instance/gen_512x32[0].i_cut/A_DOUT[31]    0.00    0.31   -0.31 (VIOLATED)
xmem_instance/gen_512x32[0].i_cut/A_DOUT[30]    0.00    0.30   -0.30 (VIOLATED)
xmem_instance/gen_512x32[0].i_cut/A_DOUT[23]    0.00    0.30   -0.30 (VIOLATED)
xmem_instance/gen_512x32[0].i_cut/A_DOUT[17]    0.00    0.30   -0.30 (VIOLATED)
xmem_instance/gen_512x32[0].i_cut/A_DOUT[28]    0.00    0.29   -0.29 (VIOLATED)
xmem_instance/gen_512x32[0].i_cut/A_DOUT[21]    0.00    0.29   -0.29 (VIOLATED)
xmem_instance/gen_512x32[0].i_cut/A_DOUT[22]    0.00    0.26   -0.26 (VIOLATED)
xmem_instance/gen_512x32[2].i_cut/A_DOUT[31]    0.00    0.26   -0.26 (VIOLATED)
xmem_instance/gen_512x32[2].i_cut/A_DOUT[29]    0.00    0.26   -0.26 (VIOLATED)
xmem_instance/gen_512x32[0].i_cut/A_DOUT[11]    0.00    0.25   -0.25 (VIOLATED)
xmem_instance/gen_512x32[2].i_cut/A_DOUT[30]    0.00    0.24   -0.24 (VIOLATED)
xmem_instance/gen_512x32[0].i_cut/A_DOUT[14]    0.00    0.23   -0.23 (VIOLATED)
xmem_instance/gen_512x32[2].i_cut/A_DOUT[28]    0.00    0.22   -0.22 (VIOLATED)
xmem_instance/gen_512x32[2].i_cut/A_DOUT[26]    0.00    0.22   -0.22 (VIOLATED)
xmem_instance/gen_512x32[0].i_cut/A_DOUT[19]    0.00    0.22   -0.22 (VIOLATED)
xmem_instance/gen_512x32[0].i_cut/A_DOUT[7]    0.00    0.22   -0.22 (VIOLATED)
xmem_instance/gen_512x32[0].i_cut/A_DOUT[12]    0.00    0.22   -0.22 (VIOLATED)
xmem_instance/gen_512x32[0].i_cut/A_DOUT[4]    0.00    0.21   -0.21 (VIOLATED)
xmem_instance/gen_512x32[1].i_cut/A_DOUT[15]    0.00    0.20   -0.20 (VIOLATED)
xmem_instance/gen_512x32[2].i_cut/A_DOUT[27]    0.00    0.20   -0.20 (VIOLATED)
xmem_instance/gen_512x32[2].i_cut/A_DOUT[20]    0.00    0.20   -0.20 (VIOLATED)
xmem_instance/gen_512x32[0].i_cut/A_DOUT[1]    0.00    0.20   -0.20 (VIOLATED)
xmem_instance/gen_512x32[1].i_cut/A_DOUT[10]    0.00    0.20   -0.20 (VIOLATED)
xmem_instance/gen_512x32[1].i_cut/A_DOUT[8]    0.00    0.20   -0.20 (VIOLATED)
xmem_instance/gen_512x32[1].i_cut/A_DOUT[6]    0.00    0.19   -0.19 (VIOLATED)
xmem_instance/gen_512x32[0].i_cut/A_DOUT[29]    0.00    0.19   -0.19 (VIOLATED)
xmem_instance/gen_512x32[0].i_cut/A_DOUT[10]    0.00    0.19   -0.19 (VIOLATED)
xmem_instance/gen_512x32[1].i_cut/A_DOUT[19]    0.00    0.19   -0.19 (VIOLATED)
xmem_instance/gen_512x32[0].i_cut/A_DOUT[5]    0.00    0.19   -0.19 (VIOLATED)
xmem_instance/gen_512x32[0].i_cut/A_DOUT[9]    0.00    0.19   -0.19 (VIOLATED)
xmem_instance/gen_512x32[2].i_cut/A_DOUT[24]    0.00    0.19   -0.19 (VIOLATED)
xmem_instance/gen_512x32[1].i_cut/A_DOUT[11]    0.00    0.19   -0.19 (VIOLATED)
sfp_instance/valid_out_reg$_SDFF_PP0_/Q    0.30    0.48   -0.18 (VIOLATED)
xmem_instance/gen_512x32[1].i_cut/A_DOUT[14]    0.00    0.18   -0.18 (VIOLATED)
xmem_instance/gen_512x32[1].i_cut/A_DOUT[16]    0.00    0.18   -0.18 (VIOLATED)
xmem_instance/gen_512x32[1].i_cut/A_DOUT[22]    0.00    0.18   -0.18 (VIOLATED)
xmem_instance/gen_512x32[0].i_cut/A_DOUT[16]    0.00    0.18   -0.18 (VIOLATED)
xmem_instance/gen_512x32[1].i_cut/A_DOUT[27]    0.00    0.18   -0.18 (VIOLATED)
xmem_instance/gen_512x32[1].i_cut/A_DOUT[17]    0.00    0.18   -0.18 (VIOLATED)
xmem_instance/gen_512x32[2].i_cut/A_DOUT[17]    0.00    0.18   -0.18 (VIOLATED)
xmem_instance/gen_512x32[1].i_cut/A_DOUT[9]    0.00    0.18   -0.18 (VIOLATED)
xmem_instance/gen_512x32[2].i_cut/A_DOUT[21]    0.00    0.18   -0.18 (VIOLATED)
xmem_instance/gen_512x32[0].i_cut/A_DOUT[13]    0.00    0.17   -0.17 (VIOLATED)
xmem_instance/gen_512x32[2].i_cut/A_DOUT[23]    0.00    0.17   -0.17 (VIOLATED)
xmem_instance/gen_512x32[2].i_cut/A_DOUT[22]    0.00    0.17   -0.17 (VIOLATED)
xmem_instance/gen_512x32[2].i_cut/A_DOUT[19]    0.00    0.17   -0.17 (VIOLATED)
xmem_instance/gen_512x32[1].i_cut/A_DOUT[18]    0.00    0.17   -0.17 (VIOLATED)
xmem_instance/gen_512x32[1].i_cut/A_DOUT[23]    0.00    0.17   -0.17 (VIOLATED)
xmem_instance/gen_512x32[0].i_cut/A_DOUT[3]    0.00    0.16   -0.16 (VIOLATED)
xmem_instance/gen_512x32[1].i_cut/A_DOUT[29]    0.00    0.16   -0.16 (VIOLATED)
xmem_instance/gen_512x32[2].i_cut/A_DOUT[25]    0.00    0.16   -0.16 (VIOLATED)
xmem_instance/gen_512x32[0].i_cut/A_DOUT[18]    0.00    0.16   -0.16 (VIOLATED)
xmem_instance/gen_512x32[1].i_cut/A_DOUT[1]    0.00    0.16   -0.16 (VIOLATED)
xmem_instance/gen_512x32[1].i_cut/A_DOUT[30]    0.00    0.16   -0.16 (VIOLATED)
xmem_instance/gen_512x32[0].i_cut/A_DOUT[15]    0.00    0.16   -0.16 (VIOLATED)
xmem_instance/gen_512x32[3].i_cut/A_DOUT[18]    0.00    0.16   -0.16 (VIOLATED)
xmem_instance/gen_512x32[2].i_cut/A_DOUT[16]    0.00    0.15   -0.15 (VIOLATED)
xmem_instance/gen_512x32[0].i_cut/A_DOUT[0]    0.00    0.15   -0.15 (VIOLATED)
xmem_instance/gen_512x32[1].i_cut/A_DOUT[13]    0.00    0.15   -0.15 (VIOLATED)
xmem_instance/gen_512x32[1].i_cut/A_DOUT[31]    0.00    0.15   -0.15 (VIOLATED)
xmem_instance/gen_512x32[1].i_cut/A_DOUT[12]    0.00    0.15   -0.15 (VIOLATED)
xmem_instance/gen_512x32[2].i_cut/A_DOUT[18]    0.00    0.15   -0.15 (VIOLATED)
xmem_instance/gen_512x32[1].i_cut/A_DOUT[20]    0.00    0.15   -0.15 (VIOLATED)
xmem_instance/gen_512x32[1].i_cut/A_DOUT[4]    0.00    0.15   -0.15 (VIOLATED)
xmem_instance/gen_512x32[1].i_cut/A_DOUT[5]    0.00    0.15   -0.15 (VIOLATED)
xmem_instance/gen_512x32[1].i_cut/A_DOUT[25]    0.00    0.15   -0.15 (VIOLATED)
xmem_instance/gen_512x32[1].i_cut/A_DOUT[3]    0.00    0.14   -0.14 (VIOLATED)
xmem_instance/gen_512x32[1].i_cut/A_DOUT[7]    0.00    0.14   -0.14 (VIOLATED)
xmem_instance/gen_512x32[1].i_cut/A_DOUT[24]    0.00    0.14   -0.14 (VIOLATED)
xmem_instance/gen_512x32[1].i_cut/A_DOUT[26]    0.00    0.14   -0.14 (VIOLATED)
xmem_instance/gen_512x32[3].i_cut/A_DOUT[19]    0.00    0.14   -0.14 (VIOLATED)
xmem_instance/gen_512x32[1].i_cut/A_DOUT[21]    0.00    0.14   -0.14 (VIOLATED)
xmem_instance/gen_512x32[0].i_cut/A_DOUT[6]    0.00    0.13   -0.13 (VIOLATED)
xmem_instance/gen_512x32[0].i_cut/A_DOUT[8]    0.00    0.13   -0.13 (VIOLATED)
xmem_instance/gen_512x32[3].i_cut/A_DOUT[16]    0.00    0.13   -0.13 (VIOLATED)
xmem_instance/gen_512x32[1].i_cut/A_DOUT[28]    0.00    0.13   -0.13 (VIOLATED)
xmem_instance/gen_512x32[1].i_cut/A_DOUT[2]    0.00    0.13   -0.13 (VIOLATED)
xmem_instance/gen_512x32[3].i_cut/A_DOUT[15]    0.00    0.13   -0.13 (VIOLATED)
xmem_instance/gen_512x32[3].i_cut/A_DOUT[9]    0.00    0.13   -0.13 (VIOLATED)
xmem_instance/gen_512x32[3].i_cut/A_DOUT[12]    0.00    0.13   -0.13 (VIOLATED)
xmem_instance/gen_512x32[2].i_cut/A_DOUT[12]    0.00    0.13   -0.13 (VIOLATED)
xmem_instance/gen_512x32[3].i_cut/A_DOUT[22]    0.00    0.12   -0.12 (VIOLATED)
xmem_instance/gen_512x32[2].i_cut/A_DOUT[7]    0.00    0.12   -0.12 (VIOLATED)
xmem_instance/gen_512x32[3].i_cut/A_DOUT[23]    0.00    0.12   -0.12 (VIOLATED)
xmem_instance/gen_512x32[2].i_cut/A_DOUT[13]    0.00    0.12   -0.12 (VIOLATED)
xmem_instance/gen_512x32[1].i_cut/A_DOUT[0]    0.00    0.12   -0.12 (VIOLATED)
xmem_instance/gen_512x32[0].i_cut/A_DOUT[2]    0.00    0.12   -0.12 (VIOLATED)
xmem_instance/gen_512x32[3].i_cut/A_DOUT[20]    0.00    0.12   -0.12 (VIOLATED)
xmem_instance/gen_512x32[3].i_cut/A_DOUT[11]    0.00    0.12   -0.12 (VIOLATED)
xmem_instance/gen_512x32[3].i_cut/A_DOUT[21]    0.00    0.12   -0.12 (VIOLATED)
xmem_instance/gen_512x32[3].i_cut/A_DOUT[24]    0.00    0.11   -0.11 (VIOLATED)
xmem_instance/gen_512x32[3].i_cut/A_DOUT[17]    0.00    0.11   -0.11 (VIOLATED)
xmem_instance/gen_512x32[2].i_cut/A_DOUT[9]    0.00    0.11   -0.11 (VIOLATED)
xmem_instance/gen_512x32[3].i_cut/A_DOUT[7]    0.00    0.11   -0.11 (VIOLATED)
xmem_instance/gen_512x32[2].i_cut/A_DOUT[11]    0.00    0.11   -0.11 (VIOLATED)
xmem_instance/gen_512x32[3].i_cut/A_DOUT[26]    0.00    0.10   -0.10 (VIOLATED)
xmem_instance/gen_512x32[2].i_cut/A_DOUT[14]    0.00    0.10   -0.10 (VIOLATED)
pmem_instance/gen_2048x64[0].i_cut/A_DOUT[6]    0.00    0.10   -0.10 (VIOLATED)
xmem_instance/gen_512x32[3].i_cut/A_DOUT[4]    0.00    0.10   -0.10 (VIOLATED)
xmem_instance/gen_512x32[3].i_cut/A_DOUT[6]    0.00    0.10   -0.10 (VIOLATED)
xmem_instance/gen_512x32[2].i_cut/A_DOUT[5]    0.00    0.10   -0.10 (VIOLATED)
xmem_instance/gen_512x32[3].i_cut/A_DOUT[14]    0.00    0.10   -0.10 (VIOLATED)
xmem_instance/gen_512x32[2].i_cut/A_DOUT[10]    0.00    0.10   -0.10 (VIOLATED)
xmem_instance/gen_512x32[3].i_cut/A_DOUT[10]    0.00    0.09   -0.09 (VIOLATED)
xmem_instance/gen_512x32[2].i_cut/A_DOUT[8]    0.00    0.09   -0.09 (VIOLATED)
pmem_instance/gen_2048x64[0].i_cut/A_DOUT[8]    0.00    0.09   -0.09 (VIOLATED)
xmem_instance/gen_512x32[3].i_cut/A_DOUT[2]    0.00    0.09   -0.09 (VIOLATED)
xmem_instance/gen_512x32[2].i_cut/A_DOUT[3]    0.00    0.09   -0.09 (VIOLATED)
pmem_instance/gen_2048x64[0].i_cut/A_DOUT[11]    0.00    0.09   -0.09 (VIOLATED)
xmem_instance/gen_512x32[3].i_cut/A_DOUT[25]    0.00    0.09   -0.09 (VIOLATED)
pmem_instance/gen_2048x64[0].i_cut/A_DOUT[5]    0.00    0.09   -0.09 (VIOLATED)
xmem_instance/gen_512x32[3].i_cut/A_DOUT[3]    0.00    0.09   -0.09 (VIOLATED)
pmem_instance/gen_2048x64[0].i_cut/A_DOUT[9]    0.00    0.09   -0.09 (VIOLATED)
xmem_instance/gen_512x32[3].i_cut/A_DOUT[8]    0.00    0.09   -0.09 (VIOLATED)
xmem_instance/gen_512x32[2].i_cut/A_DOUT[6]    0.00    0.09   -0.09 (VIOLATED)
xmem_instance/gen_512x32[2].i_cut/A_DOUT[2]    0.00    0.08   -0.08 (VIOLATED)
xmem_instance/gen_512x32[2].i_cut/A_DOUT[4]    0.00    0.08   -0.08 (VIOLATED)
xmem_instance/gen_512x32[3].i_cut/A_DOUT[29]    0.00    0.08   -0.08 (VIOLATED)
pmem_instance/gen_2048x64[0].i_cut/A_DOUT[2]    0.00    0.08   -0.08 (VIOLATED)
xmem_instance/gen_512x32[3].i_cut/A_DOUT[13]    0.00    0.08   -0.08 (VIOLATED)
pmem_instance/gen_2048x64[0].i_cut/A_DOUT[1]    0.00    0.08   -0.08 (VIOLATED)
xmem_instance/gen_512x32[2].i_cut/A_DOUT[15]    0.00    0.08   -0.08 (VIOLATED)
xmem_instance/gen_512x32[3].i_cut/A_DOUT[1]    0.00    0.07   -0.07 (VIOLATED)
xmem_instance/gen_512x32[3].i_cut/A_DOUT[5]    0.00    0.07   -0.07 (VIOLATED)
pmem_instance/gen_2048x64[0].i_cut/A_DOUT[0]    0.00    0.07   -0.07 (VIOLATED)
xmem_instance/gen_512x32[2].i_cut/A_DOUT[0]    0.00    0.07   -0.07 (VIOLATED)
xmem_instance/gen_512x32[3].i_cut/A_DOUT[0]    0.00    0.07   -0.07 (VIOLATED)
xmem_instance/gen_512x32[3].i_cut/A_DOUT[27]    0.00    0.07   -0.07 (VIOLATED)
xmem_instance/gen_512x32[2].i_cut/A_DOUT[1]    0.00    0.07   -0.07 (VIOLATED)
pmem_instance/gen_2048x64[0].i_cut/A_DOUT[7]    0.00    0.07   -0.07 (VIOLATED)
xmem_instance/gen_512x32[3].i_cut/A_DOUT[30]    0.00    0.06   -0.06 (VIOLATED)
xmem_instance/gen_512x32[3].i_cut/A_DOUT[28]    0.00    0.06   -0.06 (VIOLATED)
xmem_instance/gen_512x32[3].i_cut/A_DOUT[31]    0.00    0.05   -0.05 (VIOLATED)
pmem_instance/gen_2048x64[0].i_cut/A_DOUT[15]    0.00    0.05   -0.05 (VIOLATED)
pmem_instance/gen_2048x64[0].i_cut/A_DOUT[3]    0.00    0.05   -0.05 (VIOLATED)
pmem_instance/gen_2048x64[0].i_cut/A_DOUT[4]    0.00    0.04   -0.04 (VIOLATED)
pmem_instance/gen_2048x64[0].i_cut/A_DOUT[13]    0.00    0.04   -0.04 (VIOLATED)
pmem_instance/gen_2048x64[0].i_cut/A_DOUT[14]    0.00    0.04   -0.04 (VIOLATED)
pmem_instance/gen_2048x64[0].i_cut/A_DOUT[18]    0.00    0.04   -0.04 (VIOLATED)
pmem_instance/gen_2048x64[0].i_cut/A_DOUT[10]    0.00    0.03   -0.03 (VIOLATED)
pmem_instance/gen_2048x64[0].i_cut/A_DOUT[17]    0.00    0.03   -0.03 (VIOLATED)
pmem_instance/gen_2048x64[0].i_cut/A_DOUT[19]    0.00    0.03   -0.03 (VIOLATED)
pmem_instance/gen_2048x64[0].i_cut/A_DOUT[12]    0.00    0.03   -0.03 (VIOLATED)
pmem_instance/gen_2048x64[0].i_cut/A_DOUT[16]    0.00    0.03   -0.03 (VIOLATED)
pmem_instance/gen_2048x64[0].i_cut/A_DOUT[21]    0.00    0.03   -0.03 (VIOLATED)
pmem_instance/gen_2048x64[0].i_cut/A_DOUT[50]    0.00    0.03   -0.03 (VIOLATED)
pmem_instance/gen_2048x64[1].i_cut/A_DOUT[62]    0.00    0.02   -0.02 (VIOLATED)
pmem_instance/gen_2048x64[0].i_cut/A_DOUT[51]    0.00    0.02   -0.02 (VIOLATED)
pmem_instance/gen_2048x64[0].i_cut/A_DOUT[48]    0.00    0.02   -0.02 (VIOLATED)
pmem_instance/gen_2048x64[0].i_cut/A_DOUT[24]    0.00    0.02   -0.02 (VIOLATED)
pmem_instance/gen_2048x64[0].i_cut/A_DOUT[20]    0.00    0.02   -0.02 (VIOLATED)
pmem_instance/gen_2048x64[0].i_cut/A_DOUT[25]    0.00    0.02   -0.02 (VIOLATED)
pmem_instance/gen_2048x64[0].i_cut/A_DOUT[49]    0.00    0.02   -0.02 (VIOLATED)
pmem_instance/gen_2048x64[0].i_cut/A_DOUT[22]    0.00    0.02   -0.02 (VIOLATED)
pmem_instance/gen_2048x64[0].i_cut/A_DOUT[23]    0.00    0.02   -0.02 (VIOLATED)
pmem_instance/gen_2048x64[0].i_cut/A_DOUT[26]    0.00    0.02   -0.02 (VIOLATED)
pmem_instance/gen_2048x64[0].i_cut/A_DOUT[52]    0.00    0.02   -0.02 (VIOLATED)
pmem_instance/gen_2048x64[1].i_cut/A_DOUT[61]    0.00    0.02   -0.02 (VIOLATED)
pmem_instance/gen_2048x64[0].i_cut/A_DOUT[55]    0.00    0.02   -0.02 (VIOLATED)
pmem_instance/gen_2048x64[0].i_cut/A_DOUT[54]    0.00    0.02   -0.02 (VIOLATED)
pmem_instance/gen_2048x64[1].i_cut/A_DOUT[58]    0.00    0.02   -0.02 (VIOLATED)
pmem_instance/gen_2048x64[0].i_cut/A_DOUT[56]    0.00    0.02   -0.02 (VIOLATED)
pmem_instance/gen_2048x64[1].i_cut/A_DOUT[44]    0.00    0.02   -0.02 (VIOLATED)
pmem_instance/gen_2048x64[0].i_cut/A_DOUT[53]    0.00    0.02   -0.02 (VIOLATED)
pmem_instance/gen_2048x64[0].i_cut/A_DOUT[27]    0.00    0.01   -0.01 (VIOLATED)
pmem_instance/gen_2048x64[0].i_cut/A_DOUT[28]    0.00    0.01   -0.01 (VIOLATED)
pmem_instance/gen_2048x64[0].i_cut/A_DOUT[30]    0.00    0.01   -0.01 (VIOLATED)
pmem_instance/gen_2048x64[1].i_cut/A_DOUT[0]    0.00    0.01   -0.01 (VIOLATED)
pmem_instance/gen_2048x64[1].i_cut/A_DOUT[22]    0.00    0.01   -0.01 (VIOLATED)
pmem_instance/gen_2048x64[1].i_cut/A_DOUT[53]    0.00    0.01   -0.01 (VIOLATED)
pmem_instance/gen_2048x64[1].i_cut/A_DOUT[24]    0.00    0.01   -0.01 (VIOLATED)
pmem_instance/gen_2048x64[1].i_cut/A_DOUT[57]    0.00    0.01   -0.01 (VIOLATED)
pmem_instance/gen_2048x64[1].i_cut/A_DOUT[5]    0.00    0.01   -0.01 (VIOLATED)
pmem_instance/gen_2048x64[1].i_cut/A_DOUT[56]    0.00    0.01   -0.01 (VIOLATED)
pmem_instance/gen_2048x64[1].i_cut/A_DOUT[60]    0.00    0.01   -0.01 (VIOLATED)
pmem_instance/gen_2048x64[1].i_cut/A_DOUT[1]    0.00    0.01   -0.01 (VIOLATED)
pmem_instance/gen_2048x64[1].i_cut/A_DOUT[19]    0.00    0.01   -0.01 (VIOLATED)
pmem_instance/gen_2048x64[1].i_cut/A_DOUT[12]    0.00    0.01   -0.01 (VIOLATED)
pmem_instance/gen_2048x64[1].i_cut/A_DOUT[6]    0.00    0.01   -0.01 (VIOLATED)
pmem_instance/gen_2048x64[0].i_cut/A_DOUT[37]    0.00    0.01   -0.01 (VIOLATED)
pmem_instance/gen_2048x64[1].i_cut/A_DOUT[40]    0.00    0.01   -0.01 (VIOLATED)
pmem_instance/gen_2048x64[1].i_cut/A_DOUT[39]    0.00    0.01   -0.01 (VIOLATED)
pmem_instance/gen_2048x64[0].i_cut/A_DOUT[57]    0.00    0.01   -0.01 (VIOLATED)
pmem_instance/gen_2048x64[1].i_cut/A_DOUT[7]    0.00    0.01   -0.01 (VIOLATED)
pmem_instance/gen_2048x64[1].i_cut/A_DOUT[33]    0.00    0.01   -0.01 (VIOLATED)
pmem_instance/gen_2048x64[0].i_cut/A_DOUT[29]    0.00    0.01   -0.01 (VIOLATED)
pmem_instance/gen_2048x64[1].i_cut/A_DOUT[59]    0.00    0.01   -0.01 (VIOLATED)
pmem_instance/gen_2048x64[1].i_cut/A_DOUT[8]    0.00    0.01   -0.01 (VIOLATED)
pmem_instance/gen_2048x64[1].i_cut/A_DOUT[23]    0.00    0.01   -0.01 (VIOLATED)
pmem_instance/gen_2048x64[1].i_cut/A_DOUT[25]    0.00    0.01   -0.01 (VIOLATED)
pmem_instance/gen_2048x64[0].i_cut/A_DOUT[45]    0.00    0.01   -0.01 (VIOLATED)
pmem_instance/gen_2048x64[1].i_cut/A_DOUT[43]    0.00    0.01   -0.01 (VIOLATED)
pmem_instance/gen_2048x64[1].i_cut/A_DOUT[54]    0.00    0.01   -0.01 (VIOLATED)
pmem_instance/gen_2048x64[1].i_cut/A_DOUT[11]    0.00    0.01   -0.01 (VIOLATED)
pmem_instance/gen_2048x64[1].i_cut/A_DOUT[10]    0.00    0.01   -0.01 (VIOLATED)
pmem_instance/gen_2048x64[1].i_cut/A_DOUT[34]    0.00    0.01   -0.01 (VIOLATED)
pmem_instance/gen_2048x64[0].i_cut/A_DOUT[46]    0.00    0.01   -0.01 (VIOLATED)
pmem_instance/gen_2048x64[1].i_cut/A_DOUT[17]    0.00    0.01   -0.01 (VIOLATED)
pmem_instance/gen_2048x64[1].i_cut/A_DOUT[38]    0.00    0.01   -0.01 (VIOLATED)
pmem_instance/gen_2048x64[1].i_cut/A_DOUT[63]    0.00    0.01   -0.01 (VIOLATED)
pmem_instance/gen_2048x64[1].i_cut/A_DOUT[41]    0.00    0.01   -0.01 (VIOLATED)
pmem_instance/gen_2048x64[0].i_cut/A_DOUT[58]    0.00    0.01   -0.01 (VIOLATED)
pmem_instance/gen_2048x64[1].i_cut/A_DOUT[46]    0.00    0.01   -0.01 (VIOLATED)
pmem_instance/gen_2048x64[1].i_cut/A_DOUT[13]    0.00    0.01   -0.01 (VIOLATED)
pmem_instance/gen_2048x64[0].i_cut/A_DOUT[31]    0.00    0.01   -0.01 (VIOLATED)
pmem_instance/gen_2048x64[1].i_cut/A_DOUT[55]    0.00    0.01   -0.01 (VIOLATED)
pmem_instance/gen_2048x64[1].i_cut/A_DOUT[31]    0.00    0.01   -0.01 (VIOLATED)
pmem_instance/gen_2048x64[1].i_cut/A_DOUT[42]    0.00    0.01   -0.01 (VIOLATED)
pmem_instance/gen_2048x64[1].i_cut/A_DOUT[4]    0.00    0.01   -0.01 (VIOLATED)
pmem_instance/gen_2048x64[1].i_cut/A_DOUT[47]    0.00    0.01   -0.01 (VIOLATED)
pmem_instance/gen_2048x64[1].i_cut/A_DOUT[2]    0.00    0.01   -0.01 (VIOLATED)
pmem_instance/gen_2048x64[0].i_cut/A_DOUT[32]    0.00    0.01   -0.01 (VIOLATED)
pmem_instance/gen_2048x64[1].i_cut/A_DOUT[49]    0.00    0.01   -0.01 (VIOLATED)
pmem_instance/gen_2048x64[1].i_cut/A_DOUT[37]    0.00    0.01   -0.01 (VIOLATED)
pmem_instance/gen_2048x64[1].i_cut/A_DOUT[35]    0.00    0.01   -0.01 (VIOLATED)
pmem_instance/gen_2048x64[1].i_cut/A_DOUT[20]    0.00    0.01   -0.01 (VIOLATED)
pmem_instance/gen_2048x64[0].i_cut/A_DOUT[59]    0.00    0.01   -0.01 (VIOLATED)
pmem_instance/gen_2048x64[0].i_cut/A_DOUT[41]    0.00    0.01   -0.01 (VIOLATED)
pmem_instance/gen_2048x64[1].i_cut/A_DOUT[30]    0.00    0.01   -0.01 (VIOLATED)
pmem_instance/gen_2048x64[1].i_cut/A_DOUT[3]    0.00    0.01   -0.01 (VIOLATED)
pmem_instance/gen_2048x64[0].i_cut/A_DOUT[38]    0.00    0.01   -0.01 (VIOLATED)
pmem_instance/gen_2048x64[0].i_cut/A_DOUT[43]    0.00    0.01   -0.01 (VIOLATED)
pmem_instance/gen_2048x64[1].i_cut/A_DOUT[32]    0.00    0.01   -0.01 (VIOLATED)
pmem_instance/gen_2048x64[1].i_cut/A_DOUT[9]    0.00    0.01   -0.01 (VIOLATED)
pmem_instance/gen_2048x64[1].i_cut/A_DOUT[26]    0.00    0.01   -0.01 (VIOLATED)
pmem_instance/gen_2048x64[1].i_cut/A_DOUT[45]    0.00    0.01   -0.01 (VIOLATED)
pmem_instance/gen_2048x64[1].i_cut/A_DOUT[27]    0.00    0.01   -0.01 (VIOLATED)
pmem_instance/gen_2048x64[0].i_cut/A_DOUT[33]    0.00    0.01   -0.01 (VIOLATED)
pmem_instance/gen_2048x64[1].i_cut/A_DOUT[48]    0.00    0.01   -0.01 (VIOLATED)
pmem_instance/gen_2048x64[0].i_cut/A_DOUT[34]    0.00    0.01   -0.01 (VIOLATED)
pmem_instance/gen_2048x64[0].i_cut/A_DOUT[40]    0.00    0.01   -0.01 (VIOLATED)
pmem_instance/gen_2048x64[1].i_cut/A_DOUT[36]    0.00    0.01   -0.01 (VIOLATED)
pmem_instance/gen_2048x64[0].i_cut/A_DOUT[36]    0.00    0.01   -0.01 (VIOLATED)
pmem_instance/gen_2048x64[1].i_cut/A_DOUT[16]    0.00    0.01   -0.01 (VIOLATED)
pmem_instance/gen_2048x64[1].i_cut/A_DOUT[14]    0.00    0.01   -0.01 (VIOLATED)
pmem_instance/gen_2048x64[1].i_cut/A_DOUT[50]    0.00    0.01   -0.01 (VIOLATED)
pmem_instance/gen_2048x64[0].i_cut/A_DOUT[35]    0.00    0.01   -0.01 (VIOLATED)
pmem_instance/gen_2048x64[0].i_cut/A_DOUT[39]    0.00    0.01   -0.01 (VIOLATED)
pmem_instance/gen_2048x64[0].i_cut/A_DOUT[42]    0.00    0.01   -0.01 (VIOLATED)
pmem_instance/gen_2048x64[0].i_cut/A_DOUT[61]    0.00    0.01   -0.01 (VIOLATED)
pmem_instance/gen_2048x64[1].i_cut/A_DOUT[15]    0.00    0.01   -0.01 (VIOLATED)
pmem_instance/gen_2048x64[0].i_cut/A_DOUT[47]    0.00    0.01   -0.01 (VIOLATED)
pmem_instance/gen_2048x64[1].i_cut/A_DOUT[51]    0.00    0.01   -0.01 (VIOLATED)
pmem_instance/gen_2048x64[0].i_cut/A_DOUT[60]    0.00    0.01   -0.01 (VIOLATED)
pmem_instance/gen_2048x64[1].i_cut/A_DOUT[28]    0.00    0.01   -0.01 (VIOLATED)
pmem_instance/gen_2048x64[1].i_cut/A_DOUT[52]    0.00    0.01   -0.01 (VIOLATED)
pmem_instance/gen_2048x64[1].i_cut/A_DOUT[21]    0.00    0.01   -0.01 (VIOLATED)
pmem_instance/gen_2048x64[0].i_cut/A_DOUT[44]    0.00    0.01   -0.01 (VIOLATED)
pmem_instance/gen_2048x64[0].i_cut/A_DOUT[63]    0.00    0.01   -0.01 (VIOLATED)
pmem_instance/gen_2048x64[1].i_cut/A_DOUT[29]    0.00    0.01   -0.01 (VIOLATED)
pmem_instance/gen_2048x64[1].i_cut/A_DOUT[18]    0.00    0.01   -0.01 (VIOLATED)
pmem_instance/gen_2048x64[0].i_cut/A_DOUT[62]    0.00    0.01   -0.01 (VIOLATED)


==========================================================================
finish max_slew_check_slack
--------------------------------------------------------------------------
-0.899506151676178

==========================================================================
finish max_slew_check_limit
--------------------------------------------------------------------------
0.476000040769577

==========================================================================
finish max_slew_check_slack_limit
--------------------------------------------------------------------------
-1.8897

==========================================================================
finish max_fanout_check_slack
--------------------------------------------------------------------------
-76.0

==========================================================================
finish max_fanout_check_limit
--------------------------------------------------------------------------
8.0

==========================================================================
finish max_fanout_check_slack_limit
--------------------------------------------------------------------------
-9.5000

==========================================================================
finish max_capacitance_check_slack
--------------------------------------------------------------------------
-0.37089335918426514

==========================================================================
finish max_capacitance_check_limit
--------------------------------------------------------------------------
6.40000002321596e-14

==========================================================================
finish max_capacitance_check_slack_limit
--------------------------------------------------------------------------
-5795208716232.0596

==========================================================================
finish max_slew_violation_count
--------------------------------------------------------------------------
max slew violation count 215

==========================================================================
finish max_fanout_violation_count
--------------------------------------------------------------------------
max fanout violation count 42

==========================================================================
finish max_cap_violation_count
--------------------------------------------------------------------------
max cap violation count 257

==========================================================================
finish setup_violation_count
--------------------------------------------------------------------------
setup violation count 0

==========================================================================
finish hold_violation_count
--------------------------------------------------------------------------
hold violation count 0

==========================================================================
finish report_checks -path_delay max reg to reg
--------------------------------------------------------------------------
Startpoint: pmem_instance/gen_2048x64[0].i_cut
            (rising edge-triggered flip-flop clocked by core_clock)
Endpoint: mac_array_instance/row_num[0].mac_row_instance/col_num[0].mac_tile_instance/c_q[6]$_DFFE_PP_
          (rising edge-triggered flip-flop clocked by core_clock)
Path Group: core_clock
Path Type: max

  Delay    Time   Description
---------------------------------------------------------
   0.00    0.00   clock core_clock (rise edge)
   0.00    0.00   clock source latency
   0.00    0.00 ^ clk (in)
   0.29    0.29 ^ clkbuf_0_clk/X (sg13g2_buf_8)
   0.15    0.45 ^ clkbuf_1_0_0_clk/X (sg13g2_buf_16)
   0.12    0.57 ^ clkbuf_2_0_0_clk/X (sg13g2_buf_16)
   0.18    0.75 ^ clkbuf_4_2_0_clk/X (sg13g2_buf_16)
   0.14    0.89 ^ clkbuf_8_47_0_clk/X (sg13g2_buf_16)
   0.09    0.98 ^ clkbuf_9_95__f_clk/X (sg13g2_buf_8)
   0.00    0.99 ^ pmem_instance/gen_2048x64[0].i_cut/A_CLK (RM_IHPSG13_1P_2048x64_c2_bm_bist)
   5.52    6.51 ^ pmem_instance/gen_2048x64[0].i_cut/A_DOUT[6] (RM_IHPSG13_1P_2048x64_c2_bm_bist)
   0.13    6.64 ^ max_cap196/X (sg13g2_buf_1)
   0.06    6.70 ^ max_cap130/X (sg13g2_buf_1)
   0.12    6.81 ^ max_cap6789/X (sg13g2_buf_1)
   0.11    6.93 ^ mac_array_instance/row_num[0].mac_row_instance/col_num[0].mac_tile_instance/_092_/X (sg13g2_mux2_1)
   0.00    6.93 ^ mac_array_instance/row_num[0].mac_row_instance/col_num[0].mac_tile_instance/c_q[6]$_DFFE_PP_/D (sg13g2_dfrbp_1)
           6.93   data arrival time

  10.00   10.00   clock core_clock (rise edge)
   0.00   10.00   clock source latency
   0.00   10.00 ^ clk (in)
   0.29   10.29 ^ clkbuf_0_clk/X (sg13g2_buf_8)
   0.15   10.45 ^ clkbuf_1_0_0_clk/X (sg13g2_buf_16)
   0.12   10.57 ^ clkbuf_2_0_0_clk/X (sg13g2_buf_16)
   0.19   10.76 ^ clkbuf_4_3_0_clk/X (sg13g2_buf_16)
   0.14   10.90 ^ clkbuf_8_59_0_clk/X (sg13g2_buf_16)
   0.09   10.99 ^ clkbuf_9_119__f_clk/X (sg13g2_buf_8)
   0.08   11.07 ^ clkbuf_leaf_828_clk/X (sg13g2_buf_16)
   0.00   11.07 ^ mac_array_instance/row_num[0].mac_row_instance/col_num[0].mac_tile_instance/c_q[6]$_DFFE_PP_/CLK (sg13g2_dfrbp_1)
   0.00   11.07   clock reconvergence pessimism
  -0.11   10.96   library setup time
          10.96   data required time
---------------------------------------------------------
          10.96   data required time
          -6.93   data arrival time
---------------------------------------------------------
           4.03   slack (MET)



==========================================================================
finish report_checks -path_delay min reg to reg
--------------------------------------------------------------------------
Startpoint: mac_array_instance/inst_q[3]$_DFF_P_
            (rising edge-triggered flip-flop clocked by core_clock)
Endpoint: mac_array_instance/inst_q[5]$_DFF_P_
          (rising edge-triggered flip-flop clocked by core_clock)
Path Group: core_clock
Path Type: min

  Delay    Time   Description
---------------------------------------------------------
   0.00    0.00   clock core_clock (rise edge)
   0.00    0.00   clock source latency
   0.00    0.00 ^ clk (in)
   0.29    0.29 ^ clkbuf_0_clk/X (sg13g2_buf_8)
   0.15    0.45 ^ clkbuf_1_0_0_clk/X (sg13g2_buf_16)
   0.12    0.57 ^ clkbuf_2_0_0_clk/X (sg13g2_buf_16)
   0.19    0.76 ^ clkbuf_4_3_0_clk/X (sg13g2_buf_16)
   0.14    0.90 ^ clkbuf_8_59_0_clk/X (sg13g2_buf_16)
   0.10    0.99 ^ clkbuf_9_118__f_clk/X (sg13g2_buf_8)
   0.08    1.07 ^ clkbuf_leaf_830_clk/X (sg13g2_buf_16)
   0.00    1.07 ^ mac_array_instance/inst_q[3]$_DFF_P_/CLK (sg13g2_dfrbp_1)
   0.23    1.30 v mac_array_instance/inst_q[3]$_DFF_P_/Q (sg13g2_dfrbp_1)
   0.00    1.30 v mac_array_instance/inst_q[5]$_DFF_P_/D (sg13g2_dfrbp_1)
           1.30   data arrival time

   0.00    0.00   clock core_clock (rise edge)
   0.00    0.00   clock source latency
   0.00    0.00 ^ clk (in)
   0.29    0.29 ^ clkbuf_0_clk/X (sg13g2_buf_8)
   0.15    0.45 ^ clkbuf_1_0_0_clk/X (sg13g2_buf_16)
   0.12    0.57 ^ clkbuf_2_0_0_clk/X (sg13g2_buf_16)
   0.19    0.76 ^ clkbuf_4_3_0_clk/X (sg13g2_buf_16)
   0.14    0.90 ^ clkbuf_8_60_0_clk/X (sg13g2_buf_16)
   0.09    0.99 ^ clkbuf_9_121__f_clk/X (sg13g2_buf_8)
   0.08    1.07 ^ clkbuf_leaf_517_clk/X (sg13g2_buf_16)
   0.00    1.08 ^ mac_array_instance/inst_q[5]$_DFF_P_/CLK (sg13g2_dfrbp_1)
   0.00    1.08   clock reconvergence pessimism
  -0.05    1.03   library hold time
           1.03   data required time
---------------------------------------------------------
           1.03   data required time
          -1.30   data arrival time
---------------------------------------------------------
           0.28   slack (MET)



==========================================================================
finish critical path target clock latency max path
--------------------------------------------------------------------------
1.0533

==========================================================================
finish critical path target clock latency min path
--------------------------------------------------------------------------
1.0032

==========================================================================
finish critical path source clock latency min path
--------------------------------------------------------------------------
0.0000

==========================================================================
finish critical path delay
--------------------------------------------------------------------------
4.3794

==========================================================================
finish critical path slack
--------------------------------------------------------------------------
3.6206

==========================================================================
finish slack div critical path delay
--------------------------------------------------------------------------
82.673426

==========================================================================
finish report_power
--------------------------------------------------------------------------
Group                  Internal  Switching    Leakage      Total
                          Power      Power      Power      Power (Watts)
----------------------------------------------------------------
Sequential             6.48e-02   1.92e-05   5.65e-06   6.48e-02  47.2%
Combinational          1.62e-04   3.43e-04   1.11e-05   5.17e-04   0.4%
Clock                  4.14e-02   1.74e-02   2.20e-04   5.91e-02  43.1%
Macro                  1.28e-02   0.00e+00   3.96e-06   1.28e-02   9.3%
Pad                    0.00e+00   0.00e+00   0.00e+00   0.00e+00   0.0%
----------------------------------------------------------------
Total                  1.19e-01   1.78e-02   2.41e-04   1.37e-01 100.0%
                          86.9%      13.0%       0.2%
